<html>
<body>
<pre>
<h1>礦ision Build Log</h1>
<h2>Tool Versions:</h2>
IDE-Version: μVision V5.29.0.0
Copyright (C) 2019 ARM Ltd and ARM Germany GmbH. All rights reserved.
License Information: 张 瑞星, 西安职业技术学院, LIC=65ISZ-J3YB1-VERHA-18EFX-Z4PUM-KKS9U
 
Tool Versions:
Toolchain:       MDK-ARM Plus  Version: 5.29.0.0
Toolchain Path:  E:\Keil 5\ARM\ARMCC\Bin
C Compiler:      Armcc.exe V5.06 update 6 (build 750)
Assembler:       Armasm.exe V5.06 update 6 (build 750)
Linker/Locator:  ArmLink.exe V5.06 update 6 (build 750)
Library Manager: ArmAr.exe V5.06 update 6 (build 750)
Hex Converter:   FromElf.exe V5.06 update 6 (build 750)
CPU DLL:         SARMCM3.DLL V5.29.0.0
Dialog DLL:      DCM.DLL V1.17.3.0
Target DLL:      UL2CM3.DLL V1.163.0.0
Dialog DLL:      TCM.DLL V1.36.5.0
 
<h2>Project:</h2>
E:\STM32\PERSONAL_PROJECT\Spectral Music\MDK-ARM\Spectral Music.uvprojx
Project File Date:  06/20/2025

<h2>Output:</h2>
*** Using Compiler 'V5.06 update 6 (build 750)', folder: 'E:\Keil 5\ARM\ARMCC\Bin'
Build target 'Spectral Music'
compiling adc.c...
compiling stm32f1xx_hal.c...
compiling sys.c...
compiling usart.c...
compiling spi.c...
compiling gpio.c...
compiling stm32f1xx_it.c...
compiling tim.c...
compiling dma.c...
compiling stm32f1xx_hal_gpio_ex.c...
compiling stm32f1xx_hal_msp.c...
compiling fft.c...
compiling stm32f1xx_hal_adc_ex.c...
compiling stm32f1xx_hal_rcc.c...
compiling stm32f1xx_hal_adc.c...
compiling main.c...
../Core/Src/main.c(294): warning:  #177-D: variable "y"  was declared but never referenced
  	uint8_t y = 0;
../Core/Src/main.c: 1 warning, 0 errors
compiling mui.c...
compiling mui_u8g2.c...
compiling u8g2_arc.c...
compiling stm32f1xx_hal_rcc_ex.c...
compiling u8g2_bitmap.c...
compiling u8g2_buffer.c...
compiling u8g2_box.c...
compiling stm32f1xx_hal_gpio.c...
compiling u8g2_button.c...
compiling stm32f1xx_hal_cortex.c...
compiling system_stm32f1xx.c...
compiling stm32f1xx_hal_pwr.c...
compiling stm32f1xx_hal_flash.c...
compiling stm32f1xx_hal_exti.c...
compiling stm32f1xx_hal_dma.c...
compiling stm32f1xx_hal_flash_ex.c...
compiling u8g2_cleardisplay.c...
compiling stm32f1xx_hal_tim_ex.c...
compiling u8g2_circle.c...
compiling oled_driver.c...
..\U8G2\oled_driver.c(20): warning:  #188-D: enumerated type mixed with another type
  			HAL_GPIO_WritePin(OLED_DC_GPIO_Port,OLED_DC_Pin,arg_int);
..\U8G2\oled_driver.c(48): warning:  #188-D: enumerated type mixed with another type
              HAL_GPIO_WritePin(OLED_CS_GPIO_Port, OLED_CS_Pin, arg_int);
..\U8G2\oled_driver.c(51): warning:  #188-D: enumerated type mixed with another type
              HAL_GPIO_WritePin(OLED_DC_GPIO_Port,OLED_DC_Pin,arg_int);
..\U8G2\oled_driver.c: 3 warnings, 0 errors
compiling stm32f1xx_hal_uart.c...
compiling stm32f1xx_hal_spi.c...
compiling u8g2_d_memory.c...
compiling stm32f1xx_hal_tim.c...
compiling u8g2_d_setup.c...
compiling u8g2_hvline.c...
compiling u8g2_font.c...
compiling u8g2_input_value.c...
compiling u8g2_intersection.c...
compiling u8g2_kerning.c...
compiling u8g2_line.c...
compiling u8g2_ll_hvline.c...
compiling u8log.c...
compiling u8g2_message.c...
compiling u8g2_polygon.c...
compiling u8g2_selection_list.c...
compiling u8g2_setup.c...
compiling u8log_u8x8.c...
compiling u8log_u8g2.c...
compiling u8x8_8x8.c...
compiling u8x8_byte.c...
compiling u8x8_cad.c...
compiling u8x8_capture.c...
compiling u8x8_d_ssd1306_128x64_noname.c...
compiling u8x8_debounce.c...
compiling u8x8_display.c...
compiling u8x8_gpio.c...
compiling u8x8_fonts.c...
compiling u8x8_selection_list.c...
compiling u8x8_message.c...
compiling u8x8_input_value.c...
compiling u8x8_setup.c...
compiling u8x8_u16toa.c...
compiling u8x8_u8toa.c...
compiling u8x8_string.c...
compiling u8g2_fonts.c...
linking...
Program Size: Code=22020 RO-data=5764 RW-data=40 ZI-data=7360  
FromELF: creating hex file...
"Spectral Music\Spectral Music.axf" - 0 Error(s), 4 Warning(s).

<h2>Software Packages used:</h2>

Package Vendor: ARM
                http://www.keil.com/pack/ARM.CMSIS.5.6.0.pack
                ARM.CMSIS.5.6.0
                CMSIS (Cortex Microcontroller Software Interface Standard)
   * Component: CORE Version: 5.3.0
   * Component: DSP Variant: Library Version: 1.7.0

Package Vendor: Keil
                http://www.keil.com/pack/Keil.STM32F1xx_DFP.2.3.0.pack
                Keil.STM32F1xx_DFP.2.3.0
                STMicroelectronics STM32F1 Series Device Support, Drivers and Examples

<h2>Collection of Component include folders:</h2>
  .\RTE\_Spectral_Music
  E:\Keil 5\ARM\CMSIS\5.6.0\CMSIS\Core\Include
  E:\Keil 5\ARM\CMSIS\5.6.0\CMSIS\DSP\Include
  E:\Keil 5\Keil\STM32F1xx_DFP\2.3.0\Device\Include

<h2>Collection of Component Files used:</h2>

   * Component: ARM::CMSIS:CORE:5.3.0

   * Component: ARM::CMSIS:DSP:Library:1.7.0
      Include file:  CMSIS\DSP\Include\arm_math.h
      Library file:  CMSIS\DSP\Lib\ARM\arm_cortexM3l_math.lib
Build Time Elapsed:  00:00:12
</pre>
</body>
</html>
