Component: ARM Compiler 5.06 update 6 (build 750) Tool: armlink [4d35ed]

==============================================================================

Section Cross References

    startup_stm32f103xb.o(RESET) refers to startup_stm32f103xb.o(STACK) for __initial_sp
    startup_stm32f103xb.o(RESET) refers to startup_stm32f103xb.o(.text) for Reset_Handler
    startup_stm32f103xb.o(RESET) refers to stm32f1xx_it.o(i.NMI_Handler) for NMI_Handler
    startup_stm32f103xb.o(RESET) refers to stm32f1xx_it.o(i.HardFault_Handler) for HardFault_Handler
    startup_stm32f103xb.o(RESET) refers to stm32f1xx_it.o(i.MemManage_Handler) for MemManage_Handler
    startup_stm32f103xb.o(RESET) refers to stm32f1xx_it.o(i.BusFault_Handler) for BusFault_Handler
    startup_stm32f103xb.o(RESET) refers to stm32f1xx_it.o(i.UsageFault_Handler) for UsageFault_Handler
    startup_stm32f103xb.o(RESET) refers to stm32f1xx_it.o(i.SVC_Handler) for SVC_Handler
    startup_stm32f103xb.o(RESET) refers to stm32f1xx_it.o(i.DebugMon_Handler) for DebugMon_Handler
    startup_stm32f103xb.o(RESET) refers to stm32f1xx_it.o(i.PendSV_Handler) for PendSV_Handler
    startup_stm32f103xb.o(RESET) refers to stm32f1xx_it.o(i.SysTick_Handler) for SysTick_Handler
    startup_stm32f103xb.o(RESET) refers to stm32f1xx_it.o(i.DMA1_Channel1_IRQHandler) for DMA1_Channel1_IRQHandler
    startup_stm32f103xb.o(RESET) refers to stm32f1xx_it.o(i.DMA1_Channel3_IRQHandler) for DMA1_Channel3_IRQHandler
    startup_stm32f103xb.o(.text) refers to system_stm32f1xx.o(i.SystemInit) for SystemInit
    startup_stm32f103xb.o(.text) refers to entry.o(.ARM.Collect$$$$00000000) for __main
    main.o(i.HAL_ADC_ConvCpltCallback) refers to fft.o(.data) for AD_Flag
    main.o(i.SystemClock_Config) refers to memseta.o(.text) for __aeabi_memclr4
    main.o(i.SystemClock_Config) refers to stm32f1xx_hal_rcc.o(i.HAL_RCC_OscConfig) for HAL_RCC_OscConfig
    main.o(i.SystemClock_Config) refers to stm32f1xx_hal_rcc.o(i.HAL_RCC_ClockConfig) for HAL_RCC_ClockConfig
    main.o(i.SystemClock_Config) refers to stm32f1xx_hal_rcc_ex.o(i.HAL_RCCEx_PeriphCLKConfig) for HAL_RCCEx_PeriphCLKConfig
    main.o(i.display1) refers to ffltui.o(.text) for __aeabi_ui2f
    main.o(i.display1) refers to fmul.o(.text) for __aeabi_fmul
    main.o(i.display1) refers to fadd.o(.text) for __aeabi_frsub
    main.o(i.display1) refers to ffixui.o(.text) for __aeabi_f2uiz
    main.o(i.display1) refers to u8g2_box.o(i.u8g2_DrawBox) for u8g2_DrawBox
    main.o(i.display1) refers to main.o(.data) for .data
    main.o(i.display1) refers to fft.o(.bss) for fft_Struct
    main.o(i.display1) refers to main.o(.bss) for .bss
    main.o(i.display2) refers to ffltui.o(.text) for __aeabi_ui2f
    main.o(i.display2) refers to fmul.o(.text) for __aeabi_fmul
    main.o(i.display2) refers to fadd.o(.text) for __aeabi_frsub
    main.o(i.display2) refers to ffixui.o(.text) for __aeabi_f2uiz
    main.o(i.display2) refers to u8g2_box.o(i.u8g2_DrawBox) for u8g2_DrawBox
    main.o(i.display2) refers to main.o(.data) for .data
    main.o(i.display2) refers to fft.o(.bss) for fft_Struct
    main.o(i.display2) refers to main.o(.bss) for .bss
    main.o(i.display3) refers to fft.o(i.GetPowerMag) for GetPowerMag
    main.o(i.display3) refers to ffltui.o(.text) for __aeabi_ui2f
    main.o(i.display3) refers to fmul.o(.text) for __aeabi_fmul
    main.o(i.display3) refers to fadd.o(.text) for __aeabi_frsub
    main.o(i.display3) refers to ffixui.o(.text) for __aeabi_f2uiz
    main.o(i.display3) refers to u8g2_box.o(i.u8g2_DrawBox) for u8g2_DrawBox
    main.o(i.display3) refers to main.o(.data) for .data
    main.o(i.display3) refers to fft.o(.bss) for fft_Struct
    main.o(i.display3) refers to main.o(.bss) for .bss
    main.o(i.display4) refers to ffixui.o(.text) for __aeabi_f2uiz
    main.o(i.display4) refers to fscalb.o(.text) for __ARM_scalbnf
    main.o(i.display4) refers to printfa.o(i.__0sprintf) for __2sprintf
    main.o(i.display4) refers to u8g2_font.o(i.u8g2_SetFont) for u8g2_SetFont
    main.o(i.display4) refers to u8g2_font.o(i.u8g2_DrawStr) for u8g2_DrawStr
    main.o(i.display4) refers to u8g2_buffer.o(i.u8g2_SendBuffer) for u8g2_SendBuffer
    main.o(i.display4) refers to fft.o(.data) for FFT_FS
    main.o(i.display4) refers to u8g2_fonts.o(.constdata) for u8g2_font_courB08_tf
    main.o(i.display4) refers to main.o(.bss) for .bss
    main.o(i.display5) refers to u8g2_line.o(i.u8g2_DrawLine) for u8g2_DrawLine
    main.o(i.display5) refers to fft.o(.bss) for fft_Struct
    main.o(i.display5) refers to main.o(.bss) for .bss
    main.o(i.fputc) refers to stm32f1xx_hal_uart.o(i.HAL_UART_Transmit) for HAL_UART_Transmit
    main.o(i.fputc) refers to usart.o(.bss) for huart1
    main.o(i.main) refers to stm32f1xx_hal.o(i.HAL_Init) for HAL_Init
    main.o(i.main) refers to main.o(i.SystemClock_Config) for SystemClock_Config
    main.o(i.main) refers to gpio.o(i.MX_GPIO_Init) for MX_GPIO_Init
[...]
    i.HAL_DMA_Init                           0x080025a0   Section        0  stm32f1xx_hal_dma.o(i.HAL_DMA_Init)
    i.HAL_DMA_Start_IT                       0x080025fc   Section        0  stm32f1xx_hal_dma.o(i.HAL_DMA_Start_IT)
    i.HAL_Delay                              0x0800266c   Section        0  stm32f1xx_hal.o(i.HAL_Delay)
    i.HAL_GPIO_Init                          0x08002690   Section        0  stm32f1xx_hal_gpio.o(i.HAL_GPIO_Init)
    i.HAL_GPIO_WritePin                      0x08002870   Section        0  stm32f1xx_hal_gpio.o(i.HAL_GPIO_WritePin)
    i.HAL_GetTick                            0x0800287c   Section        0  stm32f1xx_hal.o(i.HAL_GetTick)
    i.HAL_IncTick                            0x08002888   Section        0  stm32f1xx_hal.o(i.HAL_IncTick)
    i.HAL_Init                               0x08002898   Section        0  stm32f1xx_hal.o(i.HAL_Init)
    i.HAL_InitTick                           0x080028bc   Section        0  stm32f1xx_hal.o(i.HAL_InitTick)
    i.HAL_MspInit                            0x080028fc   Section        0  stm32f1xx_hal_msp.o(i.HAL_MspInit)
    i.HAL_NVIC_EnableIRQ                     0x08002938   Section        0  stm32f1xx_hal_cortex.o(i.HAL_NVIC_EnableIRQ)
    i.HAL_NVIC_SetPriority                   0x08002954   Section        0  stm32f1xx_hal_cortex.o(i.HAL_NVIC_SetPriority)
    i.HAL_NVIC_SetPriorityGrouping           0x08002994   Section        0  stm32f1xx_hal_cortex.o(i.HAL_NVIC_SetPriorityGrouping)
    i.HAL_RCCEx_GetPeriphCLKFreq             0x080029b8   Section        0  stm32f1xx_hal_rcc_ex.o(i.HAL_RCCEx_GetPeriphCLKFreq)
    i.HAL_RCCEx_PeriphCLKConfig              0x08002a5c   Section        0  stm32f1xx_hal_rcc_ex.o(i.HAL_RCCEx_PeriphCLKConfig)
    i.HAL_RCC_ClockConfig                    0x08002b48   Section        0  stm32f1xx_hal_rcc.o(i.HAL_RCC_ClockConfig)
    i.HAL_RCC_GetPCLK1Freq                   0x08002c74   Section        0  stm32f1xx_hal_rcc.o(i.HAL_RCC_GetPCLK1Freq)
    i.HAL_RCC_GetPCLK2Freq                   0x08002c94   Section        0  stm32f1xx_hal_rcc.o(i.HAL_RCC_GetPCLK2Freq)
    i.HAL_RCC_GetSysClockFreq                0x08002cb4   Section        0  stm32f1xx_hal_rcc.o(i.HAL_RCC_GetSysClockFreq)
    i.HAL_RCC_OscConfig                      0x08002d00   Section        0  stm32f1xx_hal_rcc.o(i.HAL_RCC_OscConfig)
    i.HAL_SPI_Init                           0x08003020   Section        0  stm32f1xx_hal_spi.o(i.HAL_SPI_Init)
    i.HAL_SPI_MspInit                        0x080030d4   Section        0  spi.o(i.HAL_SPI_MspInit)
    i.HAL_SPI_Transmit                       0x08003164   Section        0  stm32f1xx_hal_spi.o(i.HAL_SPI_Transmit)
    i.HAL_SYSTICK_Config                     0x080032d2   Section        0  stm32f1xx_hal_cortex.o(i.HAL_SYSTICK_Config)
    i.HAL_TIMEx_MasterConfigSynchronization  0x080032fc   Section        0  stm32f1xx_hal_tim_ex.o(i.HAL_TIMEx_MasterConfigSynchronization)
    i.HAL_TIM_Base_Init                      0x08003364   Section        0  stm32f1xx_hal_tim.o(i.HAL_TIM_Base_Init)
    i.HAL_TIM_Base_MspInit                   0x080033c0   Section        0  tim.o(i.HAL_TIM_Base_MspInit)
    i.HAL_TIM_Base_Start                     0x080033e8   Section        0  stm32f1xx_hal_tim.o(i.HAL_TIM_Base_Start)
    i.HAL_TIM_ConfigClockSource              0x08003438   Section        0  stm32f1xx_hal_tim.o(i.HAL_TIM_ConfigClockSource)
    i.HAL_UART_Init                          0x08003514   Section        0  stm32f1xx_hal_uart.o(i.HAL_UART_Init)
    i.HAL_UART_MspInit                       0x08003578   Section        0  usart.o(i.HAL_UART_MspInit)
    i.HAL_UART_Transmit                      0x080035e8   Section        0  stm32f1xx_hal_uart.o(i.HAL_UART_Transmit)
    i.HardFault_Handler                      0x08003682   Section        0  stm32f1xx_it.o(i.HardFault_Handler)
    i.MX_ADC1_Init                           0x08003684   Section        0  adc.o(i.MX_ADC1_Init)
    i.MX_DMA_Init                            0x080036d0   Section        0  dma.o(i.MX_DMA_Init)
    i.MX_GPIO_Init                           0x0800370c   Section        0  gpio.o(i.MX_GPIO_Init)
    i.MX_SPI1_Init                           0x08003780   Section        0  spi.o(i.MX_SPI1_Init)
    i.MX_TIM3_Init                           0x080037cc   Section        0  tim.o(i.MX_TIM3_Init)
    i.MX_USART1_UART_Init                    0x08003834   Section        0  usart.o(i.MX_USART1_UART_Init)
    i.MemManage_Handler                      0x0800386c   Section        0  stm32f1xx_it.o(i.MemManage_Handler)
    i.NMI_Handler                            0x0800386e   Section        0  stm32f1xx_it.o(i.NMI_Handler)
    i.PendSV_Handler                         0x08003870   Section        0  stm32f1xx_it.o(i.PendSV_Handler)
    i.SPI_EndRxTxTransaction                 0x08003872   Section        0  stm32f1xx_hal_spi.o(i.SPI_EndRxTxTransaction)
    SPI_EndRxTxTransaction                   0x08003873   Thumb Code    32  stm32f1xx_hal_spi.o(i.SPI_EndRxTxTransaction)
    i.SPI_WaitFlagStateUntilTimeout          0x08003894   Section        0  stm32f1xx_hal_spi.o(i.SPI_WaitFlagStateUntilTimeout)
    SPI_WaitFlagStateUntilTimeout            0x08003895   Thumb Code   180  stm32f1xx_hal_spi.o(i.SPI_WaitFlagStateUntilTimeout)
    i.SVC_Handler                            0x0800394c   Section        0  stm32f1xx_it.o(i.SVC_Handler)
    i.SysTick_Handler                        0x0800394e   Section        0  stm32f1xx_it.o(i.SysTick_Handler)
    i.SystemClock_Config                     0x08003952   Section        0  main.o(i.SystemClock_Config)
    i.SystemInit                             0x080039ca   Section        0  system_stm32f1xx.o(i.SystemInit)
    i.TIM_Base_SetConfig                     0x080039cc   Section        0  stm32f1xx_hal_tim.o(i.TIM_Base_SetConfig)
    i.TIM_ETR_SetConfig                      0x08003a38   Section        0  stm32f1xx_hal_tim.o(i.TIM_ETR_SetConfig)
    i.TIM_ITRx_SetConfig                     0x08003a4c   Section        0  stm32f1xx_hal_tim.o(i.TIM_ITRx_SetConfig)
    TIM_ITRx_SetConfig                       0x08003a4d   Thumb Code    16  stm32f1xx_hal_tim.o(i.TIM_ITRx_SetConfig)
    i.TIM_TI1_ConfigInputStage               0x08003a5c   Section        0  stm32f1xx_hal_tim.o(i.TIM_TI1_ConfigInputStage)
    TIM_TI1_ConfigInputStage                 0x08003a5d   Thumb Code    34  stm32f1xx_hal_tim.o(i.TIM_TI1_ConfigInputStage)
    i.TIM_TI2_ConfigInputStage               0x08003a7e   Section        0  stm32f1xx_hal_tim.o(i.TIM_TI2_ConfigInputStage)
    TIM_TI2_ConfigInputStage                 0x08003a7f   Thumb Code    36  stm32f1xx_hal_tim.o(i.TIM_TI2_ConfigInputStage)
    i.UART_SetConfig                         0x08003aa4   Section        0  stm32f1xx_hal_uart.o(i.UART_SetConfig)
    UART_SetConfig                           0x08003aa5   Thumb Code   178  stm32f1xx_hal_uart.o(i.UART_SetConfig)
    i.UART_WaitOnFlagUntilTimeout            0x08003b5c   Section        0  stm32f1xx_hal_uart.o(i.UART_WaitOnFlagUntilTimeout)
    UART_WaitOnFlagUntilTimeout              0x08003b5d   Thumb Code   120  stm32f1xx_hal_uart.o(i.UART_WaitOnFlagUntilTimeout)
    i.UsageFault_Handler                     0x08003bd4   Section        0  stm32f1xx_it.o(i.UsageFault_Handler)
    i.__0printf                              0x08003bd8   Section        0  printfa.o(i.__0printf)
    i.__0sprintf                             0x08003bf8   Section        0  printfa.o(i.__0sprintf)
    i.__NVIC_SetPriority                     0x08003c20   Section        0  stm32f1xx_hal_cortex.o(i.__NVIC_SetPriority)
    __NVIC_SetPriority                       0x08003c21   Thumb Code    32  stm32f1xx_hal_cortex.o(i.__NVIC_SetPriority)
    i.__scatterload_copy                     0x08003c40   Section       14  handlers.o(i.__scatterload_copy)
    i.__scatterload_null                     0x08003c4e   Section        2  handlers.o(i.__scatterload_null)
    i.__scatterload_zeroinit                 0x08003c50   Section       14  handlers.o(i.__scatterload_zeroinit)
    i.__set_errno                            0x08003c60   Section        0  errno.o(i.__set_errno)
    i._fp_digits                             0x08003c6c   Section        0  printfa.o(i._fp_digits)
    _fp_digits                               0x08003c6d   Thumb Code   366  printfa.o(i._fp_digits)
    i._printf_core                           0x08003df0   Section        0  printfa.o(i._printf_core)
    _printf_core                             0x08003df1   Thumb Code  1744  printfa.o(i._printf_core)
    i._printf_post_padding                   0x080044cc   Section        0  printfa.o(i._printf_post_padding)
    _printf_post_padding                     0x080044cd   Thumb Code    36  printfa.o(i._printf_post_padding)
    i._printf_pre_padding                    0x080044f0   Section        0  printfa.o(i._printf_pre_padding)
    _printf_pre_padding                      0x080044f1   Thumb Code    46  printfa.o(i._printf_pre_padding)
    i._sputc                                 0x0800451e   Section        0  printfa.o(i._sputc)
    _sputc                                   0x0800451f   Thumb Code    10  printfa.o(i._sputc)
    i.display3                               0x08004528   Section        0  main.o(i.display3)
    i.display4                               0x080045d4   Section        0  main.o(i.display4)
    i.display5                               0x0800464c   Section        0  main.o(i.display5)
    i.fft_Init                               0x0800467c   Section        0  fft.o(i.fft_Init)
    i.fft_calculation                        0x080046a4   Section        0  fft.o(i.fft_calculation)
    i.fft_get_adc_value                      0x08004728   Section        0  fft.o(i.fft_get_adc_value)
    i.fputc                                  0x080047b0   Section        0  main.o(i.fputc)
    i.main                                   0x080047c8   Section        0  main.o(i.main)
    i.sqrtf                                  0x08004854   Section        0  sqrtf.o(i.sqrtf)
    i.u8g2Init                               0x08004880   Section        0  oled_driver.o(i.u8g2Init)
    i.u8g2_ClearBuffer                       0x080048ac   Section        0  u8g2_buffer.o(i.u8g2_ClearBuffer)
    i.u8g2_DrawBox                           0x080048be   Section        0  u8g2_box.o(i.u8g2_DrawBox)
    i.u8g2_DrawGlyph                         0x08004902   Section        0  u8g2_font.o(i.u8g2_DrawGlyph)
    i.u8g2_DrawHVLine                        0x08004974   Section        0  u8g2_hvline.o(i.u8g2_DrawHVLine)
    i.u8g2_DrawLine                          0x08004a20   Section        0  u8g2_line.o(i.u8g2_DrawLine)
    i.u8g2_DrawPixel                         0x08004ad2   Section        0  u8g2_hvline.o(i.u8g2_DrawPixel)
    i.u8g2_DrawStr                           0x08004b00   Section        0  u8g2_font.o(i.u8g2_DrawStr)
    i.u8g2_FirstPage                         0x08004b10   Section        0  u8g2_buffer.o(i.u8g2_FirstPage)
    i.u8g2_IsIntersection                    0x08004b2c   Section        0  u8g2_intersection.o(i.u8g2_IsIntersection)
    i.u8g2_NextPage                          0x08004b5c   Section        0  u8g2_buffer.o(i.u8g2_NextPage)
    i.u8g2_SendBuffer                        0x08004b9a   Section        0  u8g2_buffer.o(i.u8g2_SendBuffer)
    i.u8g2_SetBufferCurrTileRow              0x08004bac   Section        0  u8g2_buffer.o(i.u8g2_SetBufferCurrTileRow)
    i.u8g2_SetFont                           0x08004bc8   Section        0  u8g2_font.o(i.u8g2_SetFont)
    i.u8g2_SetFontPosBaseline                0x08004be8   Section        0  u8g2_font.o(i.u8g2_SetFontPosBaseline)
    i.u8g2_SetMaxClipWindow                  0x08004bf4   Section        0  u8g2_setup.o(i.u8g2_SetMaxClipWindow)
    i.u8g2_SetupBuffer                       0x08004c10   Section        0  u8g2_setup.o(i.u8g2_SetupBuffer)
    i.u8g2_Setup_ssd1306_128x64_noname_f     0x08004c58   Section        0  u8g2_d_setup.o(i.u8g2_Setup_ssd1306_128x64_noname_f)
    i.u8g2_UpdateRefHeight                   0x08004c90   Section        0  u8g2_font.o(i.u8g2_UpdateRefHeight)
    i.u8g2_add_vector_x                      0x08004ce2   Section        0  u8g2_font.o(i.u8g2_add_vector_x)
    i.u8g2_add_vector_y                      0x08004cfe   Section        0  u8g2_font.o(i.u8g2_add_vector_y)
    i.u8g2_apply_clip_window                 0x08004d1a   Section        0  u8g2_setup.o(i.u8g2_apply_clip_window)
    u8g2_apply_clip_window                   0x08004d1b   Thumb Code   110  u8g2_setup.o(i.u8g2_apply_clip_window)
    i.u8g2_clip_intersection2                0x08004d88   Section        0  u8g2_hvline.o(i.u8g2_clip_intersection2)
    u8g2_clip_intersection2                  0x08004d89   Thumb Code    60  u8g2_hvline.o(i.u8g2_clip_intersection2)
    i.u8g2_draw_hv_line_2dir                 0x08004dc4   Section        0  u8g2_hvline.o(i.u8g2_draw_hv_line_2dir)
    i.u8g2_draw_l90_r0                       0x08004dd6   Section        0  u8g2_setup.o(i.u8g2_draw_l90_r0)
    i.u8g2_draw_string                       0x08004de2   Section        0  u8g2_font.o(i.u8g2_draw_string)
    u8g2_draw_string                         0x08004de3   Thumb Code   118  u8g2_font.o(i.u8g2_draw_string)
    i.u8g2_font_calc_vref_font               0x08004e58   Section        0  u8g2_font.o(i.u8g2_font_calc_vref_font)
    i.u8g2_font_decode_get_signed_bits       0x08004e5c   Section        0  u8g2_font.o(i.u8g2_font_decode_get_signed_bits)
    i.u8g2_font_decode_get_unsigned_bits     0x08004e70   Section        0  u8g2_font.o(i.u8g2_font_decode_get_unsigned_bits)
    i.u8g2_font_decode_glyph                 0x08004ea4   Section        0  u8g2_font.o(i.u8g2_font_decode_glyph)
    i.u8g2_font_decode_len                   0x08004fb8   Section        0  u8g2_font.o(i.u8g2_font_decode_len)
    i.u8g2_font_get_glyph_data               0x08005044   Section        0  u8g2_font.o(i.u8g2_font_get_glyph_data)
    i.u8g2_font_get_word                     0x080050b6   Section        0  u8g2_font.o(i.u8g2_font_get_word)
    u8g2_font_get_word                       0x080050b7   Thumb Code    20  u8g2_font.o(i.u8g2_font_get_word)
    i.u8g2_font_setup_decode                 0x080050ca   Section        0  u8g2_font.o(i.u8g2_font_setup_decode)
    u8g2_font_setup_decode                   0x080050cb   Thumb Code    52  u8g2_font.o(i.u8g2_font_setup_decode)
    i.u8g2_is_intersection_decision_tree     0x080050fe   Section        0  u8g2_intersection.o(i.u8g2_is_intersection_decision_tree)
    i.u8g2_ll_hvline_vertical_top_lsb        0x08005118   Section        0  u8g2_ll_hvline.o(i.u8g2_ll_hvline_vertical_top_lsb)
    i.u8g2_m_16_8_f                          0x080051a8   Section        0  u8g2_d_memory.o(i.u8g2_m_16_8_f)
    i.u8g2_read_font_info                    0x080051b4   Section        0  u8g2_font.o(i.u8g2_read_font_info)
    i.u8g2_send_buffer                       0x0800521e   Section        0  u8g2_buffer.o(i.u8g2_send_buffer)
    u8g2_send_buffer                         0x0800521f   Thumb Code    78  u8g2_buffer.o(i.u8g2_send_buffer)
    i.u8g2_update_dimension_common           0x0800526c   Section        0  u8g2_setup.o(i.u8g2_update_dimension_common)
    u8g2_update_dimension_common             0x0800526d   Thumb Code    70  u8g2_setup.o(i.u8g2_update_dimension_common)
    i.u8g2_update_dimension_r0               0x080052b2   Section        0  u8g2_setup.o(i.u8g2_update_dimension_r0)
    i.u8g2_update_page_win_r0                0x080052b6   Section        0  u8g2_setup.o(i.u8g2_update_page_win_r0)
    i.u8x8_DrawTile                          0x080052d8   Section        0  u8x8_display.o(i.u8x8_DrawTile)
    i.u8x8_InitDisplay                       0x080052f6   Section        0  u8x8_display.o(i.u8x8_InitDisplay)
    i.u8x8_RefreshDisplay                    0x08005306   Section        0  u8x8_display.o(i.u8x8_RefreshDisplay)
    i.u8x8_SetPowerSave                      0x08005316   Section        0  u8x8_display.o(i.u8x8_SetPowerSave)
    i.u8x8_Setup                             0x08005326   Section        0  u8x8_setup.o(i.u8x8_Setup)
    i.u8x8_SetupDefaults                     0x08005348   Section        0  u8x8_setup.o(i.u8x8_SetupDefaults)
    i.u8x8_SetupMemory                       0x0800536c   Section        0  u8x8_display.o(i.u8x8_SetupMemory)
    i.u8x8_ascii_next                        0x0800537c   Section        0  u8x8_8x8.o(i.u8x8_ascii_next)
    i.u8x8_byte_4wire_hw_spi                 0x0800538c   Section        0  oled_driver.o(i.u8x8_byte_4wire_hw_spi)
    i.u8x8_byte_SendByte                     0x08005408   Section        0  u8x8_byte.o(i.u8x8_byte_SendByte)
    i.u8x8_byte_SetDC                        0x08005416   Section        0  u8x8_byte.o(i.u8x8_byte_SetDC)
    i.u8x8_cad_001                           0x08005426   Section        0  u8x8_cad.o(i.u8x8_cad_001)
    i.u8x8_cad_EndTransfer                   0x08005478   Section        0  u8x8_cad.o(i.u8x8_cad_EndTransfer)
    i.u8x8_cad_SendArg                       0x08005488   Section        0  u8x8_cad.o(i.u8x8_cad_SendArg)
    i.u8x8_cad_SendCmd                       0x08005498   Section        0  u8x8_cad.o(i.u8x8_cad_SendCmd)
    i.u8x8_cad_SendData                      0x080054a8   Section        0  u8x8_cad.o(i.u8x8_cad_SendData)
    i.u8x8_cad_SendSequence                  0x080054b8   Section        0  u8x8_cad.o(i.u8x8_cad_SendSequence)
    i.u8x8_cad_StartTransfer                 0x08005520   Section        0  u8x8_cad.o(i.u8x8_cad_StartTransfer)
    i.u8x8_d_helper_display_init             0x08005530   Section        0  u8x8_display.o(i.u8x8_d_helper_display_init)
    i.u8x8_d_helper_display_setup_memory     0x08005590   Section        0  u8x8_display.o(i.u8x8_d_helper_display_setup_memory)
    i.u8x8_d_ssd1306_128x64_noname           0x0800559c   Section        0  u8x8_d_ssd1306_128x64_noname.o(i.u8x8_d_ssd1306_128x64_noname)
    i.u8x8_d_ssd1306_sh1106_generic          0x080055d8   Section        0  u8x8_d_ssd1306_128x64_noname.o(i.u8x8_d_ssd1306_sh1106_generic)
    u8x8_d_ssd1306_sh1106_generic            0x080055d9   Thumb Code   196  u8x8_d_ssd1306_128x64_noname.o(i.u8x8_d_ssd1306_sh1106_generic)
    i.u8x8_dummy_cb                          0x080056a0   Section        0  u8x8_setup.o(i.u8x8_dummy_cb)
    i.u8x8_gpio_call                         0x080056a4   Section        0  u8x8_gpio.o(i.u8x8_gpio_call)
    i.u8x8_stm32_gpio_and_delay              0x080056b0   Section        0  oled_driver.o(i.u8x8_stm32_gpio_and_delay)
    i.u8x8_utf8_init                         0x080056e8   Section        0  u8x8_8x8.o(i.u8x8_utf8_init)
    .constdata                               0x080056f0   Section       18  stm32f1xx_hal_rcc.o(.constdata)
    aPredivFactorTable                       0x080056f0   Data           2  stm32f1xx_hal_rcc.o(.constdata)
    aPLLMULFactorTable                       0x080056f2   Data          16  stm32f1xx_hal_rcc.o(.constdata)
    .constdata                               0x08005702   Section       18  stm32f1xx_hal_rcc_ex.o(.constdata)
    aPredivFactorTable                       0x08005702   Data           2  stm32f1xx_hal_rcc_ex.o(.constdata)
    aPLLMULFactorTable                       0x08005704   Data          16  stm32f1xx_hal_rcc_ex.o(.constdata)
    .constdata                               0x08005714   Section       16  system_stm32f1xx.o(.constdata)
    .constdata                               0x08005724   Section        8  system_stm32f1xx.o(.constdata)
    .constdata                               0x0800572c   Section     2133  u8g2_fonts.o(.constdata)
    .constdata                               0x08005f84   Section       12  u8g2_setup.o(.constdata)
    .constdata                               0x08005f90   Section      344  u8x8_d_ssd1306_128x64_noname.o(.constdata)
    u8x8_d_ssd1306_128x64_noname_powersave0_seq 0x08005f90   Data           5  u8x8_d_ssd1306_128x64_noname.o(.constdata)
    u8x8_d_ssd1306_128x64_noname_powersave1_seq 0x08005f95   Data           5  u8x8_d_ssd1306_128x64_noname.o(.constdata)
    u8x8_d_ssd1306_128x64_noname_flip0_seq   0x08005f9a   Data           7  u8x8_d_ssd1306_128x64_noname.o(.constdata)
    u8x8_d_ssd1306_128x64_noname_flip1_seq   0x08005fa1   Data           7  u8x8_d_ssd1306_128x64_noname.o(.constdata)
    u8x8_d_ssd1312_128x64_noname_flip0_seq   0x08005fa8   Data           7  u8x8_d_ssd1306_128x64_noname.o(.constdata)
    u8x8_d_ssd1312_128x64_noname_flip1_seq   0x08005faf   Data           7  u8x8_d_ssd1306_128x64_noname.o(.constdata)
    u8x8_d_ssd1306_128x64_noname_init_seq    0x08005fb6   Data          53  u8x8_d_ssd1306_128x64_noname.o(.constdata)
    u8x8_d_ssd1306_128x64_vcomh0_init_seq    0x08005feb   Data          53  u8x8_d_ssd1306_128x64_noname.o(.constdata)
    u8x8_d_ssd1306_128x64_alt0_init_seq      0x08006020   Data          53  u8x8_d_ssd1306_128x64_noname.o(.constdata)
    u8x8_d_sh1106_128x64_winstar_init_seq    0x08006055   Data          45  u8x8_d_ssd1306_128x64_noname.o(.constdata)
    u8x8_d_ssd1312_128x64_noname_init_seq    0x08006082   Data          53  u8x8_d_ssd1306_128x64_noname.o(.constdata)
    u8x8_ssd1306_128x64_noname_display_info  0x080060b8   Data          24  u8x8_d_ssd1306_128x64_noname.o(.constdata)
    u8x8_sh1106_128x64_noname_display_info   0x080060d0   Data          24  u8x8_d_ssd1306_128x64_noname.o(.constdata)
    .data                                    0x20000000   Section        4  main.o(.data)
    .data                                    0x20000004   Section       12  fft.o(.data)
    .data                                    0x20000010   Section       12  stm32f1xx_hal.o(.data)
    .data                                    0x2000001c   Section        4  system_stm32f1xx.o(.data)
    .data                                    0x20000020   Section        4  stdout.o(.data)
    .data                                    0x20000024   Section        4  errno.o(.data)
    _errno                                   0x20000024   Data           4  errno.o(.data)
    .bss                                     0x20000028   Section      276  main.o(.bss)
    .bss                                     0x2000013c   Section      116  adc.o(.bss)
    .bss                                     0x200001b0   Section      156  spi.o(.bss)
    .bss                                     0x2000024c   Section       72  tim.o(.bss)
    .bss                                     0x20000294   Section       72  usart.o(.bss)
    .bss                                     0x200002dc   Section     4620  fft.o(.bss)
    .bss                                     0x200014e8   Section     1024  u8g2_d_memory.o(.bss)
    buf                                      0x200014e8   Data        1024  u8g2_d_memory.o(.bss)
    STACK                                    0x200018e8   Section     1024  startup_stm32f103xb.o(STACK)

    Global Symbols

    Symbol Name                              Value     Ov Type        Size  Object(Section)

    BuildAttributes$$THM_ISAv4$P$D$K$B$S$PE$A:L22UL41UL21$X:L11$S22US41US21$IEEE1$IW$USESV6$~STKCKD$USESV7$~SHL$OTIME$ROPI$IEEEJ$EBA8$MICROLIB$REQ8$PRES8$EABIv2 0x00000000   Number         0  anon$$obj.o ABSOLUTE
    __ARM_use_no_argv                        0x00000000   Number         0  main.o ABSOLUTE
    _printf_a                                0x00000000   Number         0  stubs.o ABSOLUTE
    _printf_c                                0x00000000   Number         0  stubs.o ABSOLUTE
    _printf_charcount                        0x00000000   Number         0  stubs.o ABSOLUTE
    _printf_d                                0x00000000   Number         0  stubs.o ABSOLUTE
    _printf_e                                0x00000000   Number         0  stubs.o ABSOLUTE
    _printf_f                                0x00000000   Number         0  stubs.o ABSOLUTE
    _printf_flags                            0x00000000   Number         0  stubs.o ABSOLUTE
    _printf_fp_dec                           0x00000000   Number         0  stubs.o ABSOLUTE
    _printf_fp_hex                           0x00000000   Number         0  stubs.o ABSOLUTE
    _printf_g                                0x00000000   Number         0  stubs.o ABSOLUTE
    _printf_i                                0x00000000   Number         0  stubs.o ABSOLUTE
    _printf_int_dec                          0x00000000   Number         0  stubs.o ABSOLUTE
    _printf_l                                0x00000000   Number         0  stubs.o ABSOLUTE
    _printf_lc                               0x00000000   Number         0  stubs.o ABSOLUTE
    _printf_ll                               0x00000000   Number         0  stubs.o ABSOLUTE
    _printf_lld                              0x00000000   Number         0  stubs.o ABSOLUTE
    _printf_lli                              0x00000000   Number         0  stubs.o ABSOLUTE
    _printf_llo                              0x00000000   Number         0  stubs.o ABSOLUTE
    _printf_llu                              0x00000000   Number         0  stubs.o ABSOLUTE
    _printf_llx                              0x00000000   Number         0  stubs.o ABSOLUTE
    _printf_longlong_dec                     0x00000000   Number         0  stubs.o ABSOLUTE
    _printf_longlong_hex                     0x00000000   Number         0  stubs.o ABSOLUTE
    _printf_longlong_oct                     0x00000000   Number         0  stubs.o ABSOLUTE
    _printf_ls                               0x00000000   Number         0  stubs.o ABSOLUTE
    _printf_mbtowc                           0x00000000   Number         0  stubs.o ABSOLUTE
    _printf_n                                0x00000000   Number         0  stubs.o ABSOLUTE
    _printf_o                                0x00000000   Number         0  stubs.o ABSOLUTE
    _printf_p                                0x00000000   Number         0  stubs.o ABSOLUTE
    _printf_percent                          0x00000000   Number         0  stubs.o ABSOLUTE
    _printf_pre_padding                      0x00000000   Number         0  stubs.o ABSOLUTE
    _printf_return_value                     0x00000000   Number         0  stubs.o ABSOLUTE
    _printf_s                                0x00000000   Number         0  stubs.o ABSOLUTE
    _printf_sizespec                         0x00000000   Number         0  stubs.o ABSOLUTE
    _printf_str                              0x00000000   Number         0  stubs.o ABSOLUTE
    _printf_truncate_signed                  0x00000000   Number         0  stubs.o ABSOLUTE
    _printf_truncate_unsigned                0x00000000   Number         0  stubs.o ABSOLUTE
    _printf_u                                0x00000000   Number         0  stubs.o ABSOLUTE
    _printf_wc                               0x00000000   Number         0  stubs.o ABSOLUTE
    _printf_wctomb                           0x00000000   Number         0  stubs.o ABSOLUTE
    _printf_widthprec                        0x00000000   Number         0  stubs.o ABSOLUTE
    _printf_x                                0x00000000   Number         0  stubs.o ABSOLUTE
    __cpp_initialize__aeabi_                  - Undefined Weak Reference
    __cxa_finalize                            - Undefined Weak Reference
    __decompress                              - Undefined Weak Reference
    _clock_init                               - Undefined Weak Reference
    _microlib_exit                            - Undefined Weak Reference
    __Vectors_Size                           0x000000ec   Number         0  startup_stm32f103xb.o ABSOLUTE
    __Vectors                                0x08000000   Data           4  startup_stm32f103xb.o(RESET)
    __Vectors_End                            0x080000ec   Data           0  startup_stm32f103xb.o(RESET)
    __main                                   0x080000ed   Thumb Code     0  entry.o(.ARM.Collect$$$$00000000)
    _main_stk                                0x080000ed   Thumb Code     0  entry2.o(.ARM.Collect$$$$00000001)
    _main_scatterload                        0x080000f1   Thumb Code     0  entry5.o(.ARM.Collect$$$$00000004)
    __main_after_scatterload                 0x080000f5   Thumb Code     0  entry5.o(.ARM.Collect$$$$00000004)
    _main_clock                              0x080000f5   Thumb Code     0  entry7b.o(.ARM.Collect$$$$00000008)
    _main_cpp_init                           0x080000f5   Thumb Code     0  entry8b.o(.ARM.Collect$$$$0000000A)
    _main_init                               0x080000f5   Thumb Code     0  entry9a.o(.ARM.Collect$$$$0000000B)
    __rt_final_cpp                           0x080000fd   Thumb Code     0  entry10a.o(.ARM.Collect$$$$0000000D)
    __rt_final_exit                          0x080000fd   Thumb Code     0  entry11a.o(.ARM.Collect$$$$0000000F)
    Reset_Handler                            0x08000101   Thumb Code     8  startup_stm32f103xb.o(.text)
    ADC1_2_IRQHandler                        0x0800011b   Thumb Code     0  startup_stm32f103xb.o(.text)
    CAN1_RX1_IRQHandler                      0x0800011b   Thumb Code     0  startup_stm32f103xb.o(.text)
    CAN1_SCE_IRQHandler                      0x0800011b   Thumb Code     0  startup_stm32f103xb.o(.text)
    DMA1_Channel2_IRQHandler                 0x0800011b   Thumb Code     0  startup_stm32f103xb.o(.text)
    DMA1_Channel4_IRQHandler                 0x0800011b   Thumb Code     0  startup_stm32f103xb.o(.text)
    DMA1_Channel5_IRQHandler                 0x0800011b   Thumb Code     0  startup_stm32f103xb.o(.text)
    DMA1_Channel6_IRQHandler                 0x0800011b   Thumb Code     0  startup_stm32f103xb.o(.text)
    DMA1_Channel7_IRQHandler                 0x0800011b   Thumb Code     0  startup_stm32f103xb.o(.text)
    EXTI0_IRQHandler                         0x0800011b   Thumb Code     0  startup_stm32f103xb.o(.text)
    EXTI15_10_IRQHandler                     0x0800011b   Thumb Code     0  startup_stm32f103xb.o(.text)
    EXTI1_IRQHandler                         0x0800011b   Thumb Code     0  startup_stm32f103xb.o(.text)
    EXTI2_IRQHandler                         0x0800011b   Thumb Code     0  startup_stm32f103xb.o(.text)
    EXTI3_IRQHandler                         0x0800011b   Thumb Code     0  startup_stm32f103xb.o(.text)
    EXTI4_IRQHandler                         0x0800011b   Thumb Code     0  startup_stm32f103xb.o(.text)
    EXTI9_5_IRQHandler                       0x0800011b   Thumb Code     0  startup_stm32f103xb.o(.text)
    FLASH_IRQHandler                         0x0800011b   Thumb Code     0  startup_stm32f103xb.o(.text)
    I2C1_ER_IRQHandler                       0x0800011b   Thumb Code     0  startup_stm32f103xb.o(.text)
    I2C1_EV_IRQHandler                       0x0800011b   Thumb Code     0  startup_stm32f103xb.o(.text)
    I2C2_ER_IRQHandler                       0x0800011b   Thumb Code     0  startup_stm32f103xb.o(.text)
    I2C2_EV_IRQHandler                       0x0800011b   Thumb Code     0  startup_stm32f103xb.o(.text)
    PVD_IRQHandler                           0x0800011b   Thumb Code     0  startup_stm32f103xb.o(.text)
    RCC_IRQHandler                           0x0800011b   Thumb Code     0  startup_stm32f103xb.o(.text)
    RTC_Alarm_IRQHandler                     0x0800011b   Thumb Code     0  startup_stm32f103xb.o(.text)
    RTC_IRQHandler                           0x0800011b   Thumb Code     0  startup_stm32f103xb.o(.text)
    SPI1_IRQHandler                          0x0800011b   Thumb Code     0  startup_stm32f103xb.o(.text)
    SPI2_IRQHandler                          0x0800011b   Thumb Code     0  startup_stm32f103xb.o(.text)
    TAMPER_IRQHandler                        0x0800011b   Thumb Code     0  startup_stm32f103xb.o(.text)
    TIM1_BRK_IRQHandler                      0x0800011b   Thumb Code     0  startup_stm32f103xb.o(.text)
    TIM1_CC_IRQHandler                       0x0800011b   Thumb Code     0  startup_stm32f103xb.o(.text)
    TIM1_TRG_COM_IRQHandler                  0x0800011b   Thumb Code     0  startup_stm32f103xb.o(.text)
    TIM1_UP_IRQHandler                       0x0800011b   Thumb Code     0  startup_stm32f103xb.o(.text)
    TIM2_IRQHandler                          0x0800011b   Thumb Code     0  startup_stm32f103xb.o(.text)
    TIM3_IRQHandler                          0x0800011b   Thumb Code     0  startup_stm32f103xb.o(.text)
    TIM4_IRQHandler                          0x0800011b   Thumb Code     0  startup_stm32f103xb.o(.text)
    USART1_IRQHandler                        0x0800011b   Thumb Code     0  startup_stm32f103xb.o(.text)
    USART2_IRQHandler                        0x0800011b   Thumb Code     0  startup_stm32f103xb.o(.text)
    USART3_IRQHandler                        0x0800011b   Thumb Code     0  startup_stm32f103xb.o(.text)
    USBWakeUp_IRQHandler                     0x0800011b   Thumb Code     0  startup_stm32f103xb.o(.text)
    USB_HP_CAN1_TX_IRQHandler                0x0800011b   Thumb Code     0  startup_stm32f103xb.o(.text)
    USB_LP_CAN1_RX0_IRQHandler               0x0800011b   Thumb Code     0  startup_stm32f103xb.o(.text)
    WWDG_IRQHandler                          0x0800011b   Thumb Code     0  startup_stm32f103xb.o(.text)
    __aeabi_llsr                             0x08000125   Thumb Code    32  llushr.o(.text)
    _ll_ushift_r                             0x08000125   Thumb Code     0  llushr.o(.text)
    __aeabi_memset                           0x08000145   Thumb Code    14  memseta.o(.text)
    __aeabi_memset4                          0x08000145   Thumb Code     0  memseta.o(.text)
    __aeabi_memset8                          0x08000145   Thumb Code     0  memseta.o(.text)
    __aeabi_memclr                           0x08000153   Thumb Code     4  memseta.o(.text)
    __aeabi_memclr4                          0x08000153   Thumb Code     0  memseta.o(.text)
    __aeabi_memclr8                          0x08000153   Thumb Code     0  memseta.o(.text)
    _memset$wrapper                          0x08000157   Thumb Code    18  memseta.o(.text)
    __aeabi_fadd                             0x08000169   Thumb Code   164  fadd.o(.text)
    __aeabi_fsub                             0x0800020d   Thumb Code     6  fadd.o(.text)
    __aeabi_frsub                            0x08000213   Thumb Code     6  fadd.o(.text)
    __aeabi_fmul                             0x08000219   Thumb Code   100  fmul.o(.text)
    __aeabi_fdiv                             0x0800027d   Thumb Code   124  fdiv.o(.text)
    __ARM_scalbnf                            0x080002f9   Thumb Code    24  fscalb.o(.text)
    scalbnf                                  0x080002f9   Thumb Code     0  fscalb.o(.text)
    __aeabi_dmul                             0x08000311   Thumb Code   228  dmul.o(.text)
    __aeabi_ddiv                             0x080003f5   Thumb Code   222  ddiv.o(.text)
    __ARM_scalbn                             0x080004d3   Thumb Code    46  dscalb.o(.text)
    scalbn                                   0x080004d3   Thumb Code     0  dscalb.o(.text)
    __aeabi_ui2f                             0x08000501   Thumb Code    10  ffltui.o(.text)
    __aeabi_ui2d                             0x0800050b   Thumb Code    26  dfltui.o(.text)
    __aeabi_f2uiz                            0x08000525   Thumb Code    40  ffixui.o(.text)
    __aeabi_f2d                              0x0800054d   Thumb Code    38  f2d.o(.text)
    __aeabi_d2f                              0x08000573   Thumb Code    56  d2f.o(.text)
    __aeabi_cfcmpeq                          0x080005ad   Thumb Code     0  cfcmple.o(.text)
    __aeabi_cfcmple                          0x080005ad   Thumb Code    20  cfcmple.o(.text)
    __aeabi_uidiv                            0x080005c1   Thumb Code     0  uidiv.o(.text)
    __aeabi_uidivmod                         0x080005c1   Thumb Code    44  uidiv.o(.text)
    __aeabi_uldivmod                         0x080005ed   Thumb Code    98  uldiv.o(.text)
    __I$use$fp                               0x0800064f   Thumb Code     0  iusefp.o(.text)
    _float_round                             0x0800064f   Thumb Code    18  fepilogue.o(.text)
    _float_epilogue                          0x08000661   Thumb Code    92  fepilogue.o(.text)
    _fsqrt                                   0x080006bd   Thumb Code    94  fsqrt.o(.text)
    _double_round                            0x0800071b   Thumb Code    30  depilogue.o(.text)
    _double_epilogue                         0x08000739   Thumb Code   156  depilogue.o(.text)
    __aeabi_dadd                             0x080007d5   Thumb Code   322  dadd.o(.text)
    __aeabi_dsub                             0x08000917   Thumb Code     6  dadd.o(.text)
    __aeabi_drsub                            0x0800091d   Thumb Code     6  dadd.o(.text)
    __aeabi_d2ulz                            0x08000923   Thumb Code    48  dfixul.o(.text)
    __aeabi_cdrcmple                         0x08000955   Thumb Code    48  cdrcmple.o(.text)
    __scatterload                            0x08000985   Thumb Code    28  init.o(.text)
    __scatterload_rt2                        0x08000985   Thumb Code     0  init.o(.text)
    __aeabi_llsl                             0x080009a9   Thumb Code    30  llshl.o(.text)
    _ll_shift_l                              0x080009a9   Thumb Code     0  llshl.o(.text)
    __aeabi_lasr                             0x080009c7   Thumb Code    36  llsshr.o(.text)
    _ll_sshift_r                             0x080009c7   Thumb Code     0  llsshr.o(.text)
    arm_bitreversal_32                       0x080009ed   Thumb Code    64  arm_bitreversal2.o(.text.arm_bitreversal_32)
    arm_cfft_f32                             0x08000a2d   Thumb Code   256  arm_cfft_f32.o(.text.arm_cfft_f32)
    arm_cfft_radix8by2_f32                   0x08000b2d   Thumb Code   642  arm_cfft_f32.o(.text.arm_cfft_radix8by2_f32)
    arm_cfft_radix8by4_f32                   0x08000db1   Thumb Code  1692  arm_cfft_f32.o(.text.arm_cfft_radix8by4_f32)
    arm_cmplx_mag_f32                        0x0800144d   Thumb Code   232  arm_cmplx_mag_f32.o(.text.arm_cmplx_mag_f32)
    arm_radix8_butterfly_f32                 0x08001535   Thumb Code  2182  arm_cfft_radix8_f32.o(.text.arm_radix8_butterfly_f32)
    ADC_ConversionStop_Disable               0x08001dbd   Thumb Code    86  stm32f1xx_hal_adc.o(i.ADC_ConversionStop_Disable)
    ADC_DMAConvCplt                          0x08001e13   Thumb Code    78  stm32f1xx_hal_adc.o(i.ADC_DMAConvCplt)
    ADC_DMAError                             0x08001e61   Thumb Code    26  stm32f1xx_hal_adc.o(i.ADC_DMAError)
    ADC_DMAHalfConvCplt                      0x08001e7b   Thumb Code    10  stm32f1xx_hal_adc.o(i.ADC_DMAHalfConvCplt)
    ADC_Enable                               0x08001e85   Thumb Code   114  stm32f1xx_hal_adc.o(i.ADC_Enable)
    BusFault_Handler                         0x08001f01   Thumb Code     2  stm32f1xx_it.o(i.BusFault_Handler)
    DMA1_Channel1_IRQHandler                 0x08001f05   Thumb Code     6  stm32f1xx_it.o(i.DMA1_Channel1_IRQHandler)
    DMA1_Channel3_IRQHandler                 0x08001f11   Thumb Code     6  stm32f1xx_it.o(i.DMA1_Channel3_IRQHandler)
    DebugMon_Handler                         0x08001f47   Thumb Code     2  stm32f1xx_it.o(i.DebugMon_Handler)
    Error_Handler                            0x08001f49   Thumb Code     4  main.o(i.Error_Handler)
    GetPowerMag                              0x08001f4d   Thumb Code    76  fft.o(i.GetPowerMag)
    HAL_ADCEx_Calibration_Start              0x08001fa5   Thumb Code   210  stm32f1xx_hal_adc_ex.o(i.HAL_ADCEx_Calibration_Start)
    HAL_ADC_ConfigChannel                    0x0800207d   Thumb Code   240  stm32f1xx_hal_adc.o(i.HAL_ADC_ConfigChannel)
    HAL_ADC_ConvCpltCallback                 0x08002179   Thumb Code     8  main.o(i.HAL_ADC_ConvCpltCallback)
    HAL_ADC_ConvHalfCpltCallback             0x08002185   Thumb Code     2  stm32f1xx_hal_adc.o(i.HAL_ADC_ConvHalfCpltCallback)
    HAL_ADC_ErrorCallback                    0x08002187   Thumb Code     2  stm32f1xx_hal_adc.o(i.HAL_ADC_ErrorCallback)
    HAL_ADC_GetValue                         0x08002189   Thumb Code     6  stm32f1xx_hal_adc.o(i.HAL_ADC_GetValue)
    HAL_ADC_Init                             0x08002191   Thumb Code   272  stm32f1xx_hal_adc.o(i.HAL_ADC_Init)
    HAL_ADC_MspInit                          0x080022ad   Thumb Code   126  adc.o(i.HAL_ADC_MspInit)
    HAL_ADC_Start_DMA                        0x08002341   Thumb Code   246  stm32f1xx_hal_adc.o(i.HAL_ADC_Start_DMA)
    HAL_DMA_IRQHandler                       0x0800244d   Thumb Code   316  stm32f1xx_hal_dma.o(i.HAL_DMA_IRQHandler)
    HAL_DMA_Init                             0x080025a1   Thumb Code    84  stm32f1xx_hal_dma.o(i.HAL_DMA_Init)
    HAL_DMA_Start_IT                         0x080025fd   Thumb Code   112  stm32f1xx_hal_dma.o(i.HAL_DMA_Start_IT)
    HAL_Delay                                0x0800266d   Thumb Code    32  stm32f1xx_hal.o(i.HAL_Delay)
    HAL_GPIO_Init                            0x08002691   Thumb Code   446  stm32f1xx_hal_gpio.o(i.HAL_GPIO_Init)
    HAL_GPIO_WritePin                        0x08002871   Thumb Code    10  stm32f1xx_hal_gpio.o(i.HAL_GPIO_WritePin)
    HAL_GetTick                              0x0800287d   Thumb Code     6  stm32f1xx_hal.o(i.HAL_GetTick)
    HAL_IncTick                              0x08002889   Thumb Code    12  stm32f1xx_hal.o(i.HAL_IncTick)
    HAL_Init                                 0x08002899   Thumb Code    32  stm32f1xx_hal.o(i.HAL_Init)
    HAL_InitTick                             0x080028bd   Thumb Code    54  stm32f1xx_hal.o(i.HAL_InitTick)
    HAL_MspInit                              0x080028fd   Thumb Code    52  stm32f1xx_hal_msp.o(i.HAL_MspInit)
    HAL_NVIC_EnableIRQ                       0x08002939   Thumb Code    26  stm32f1xx_hal_cortex.o(i.HAL_NVIC_EnableIRQ)
    HAL_NVIC_SetPriority                     0x08002955   Thumb Code    60  stm32f1xx_hal_cortex.o(i.HAL_NVIC_SetPriority)
    HAL_NVIC_SetPriorityGrouping             0x08002995   Thumb Code    26  stm32f1xx_hal_cortex.o(i.HAL_NVIC_SetPriorityGrouping)
    HAL_RCCEx_GetPeriphCLKFreq               0x080029b9   Thumb Code   148  stm32f1xx_hal_rcc_ex.o(i.HAL_RCCEx_GetPeriphCLKFreq)
    HAL_RCCEx_PeriphCLKConfig                0x08002a5d   Thumb Code   224  stm32f1xx_hal_rcc_ex.o(i.HAL_RCCEx_PeriphCLKConfig)
    HAL_RCC_ClockConfig                      0x08002b49   Thumb Code   280  stm32f1xx_hal_rcc.o(i.HAL_RCC_ClockConfig)
    HAL_RCC_GetPCLK1Freq                     0x08002c75   Thumb Code    20  stm32f1xx_hal_rcc.o(i.HAL_RCC_GetPCLK1Freq)
    HAL_RCC_GetPCLK2Freq                     0x08002c95   Thumb Code    20  stm32f1xx_hal_rcc.o(i.HAL_RCC_GetPCLK2Freq)
    HAL_RCC_GetSysClockFreq                  0x08002cb5   Thumb Code    58  stm32f1xx_hal_rcc.o(i.HAL_RCC_GetSysClockFreq)
    HAL_RCC_OscConfig                        0x08002d01   Thumb Code   778  stm32f1xx_hal_rcc.o(i.HAL_RCC_OscConfig)
    HAL_SPI_Init                             0x08003021   Thumb Code   178  stm32f1xx_hal_spi.o(i.HAL_SPI_Init)
    HAL_SPI_MspInit                          0x080030d5   Thumb Code   122  spi.o(i.HAL_SPI_MspInit)
    HAL_SPI_Transmit                         0x08003165   Thumb Code   366  stm32f1xx_hal_spi.o(i.HAL_SPI_Transmit)
    HAL_SYSTICK_Config                       0x080032d3   Thumb Code    40  stm32f1xx_hal_cortex.o(i.HAL_SYSTICK_Config)
    HAL_TIMEx_MasterConfigSynchronization    0x080032fd   Thumb Code    92  stm32f1xx_hal_tim_ex.o(i.HAL_TIMEx_MasterConfigSynchronization)
    HAL_TIM_Base_Init                        0x08003365   Thumb Code    90  stm32f1xx_hal_tim.o(i.HAL_TIM_Base_Init)
    HAL_TIM_Base_MspInit                     0x080033c1   Thumb Code    30  tim.o(i.HAL_TIM_Base_MspInit)
    HAL_TIM_Base_Start                       0x080033e9   Thumb Code    66  stm32f1xx_hal_tim.o(i.HAL_TIM_Base_Start)
    HAL_TIM_ConfigClockSource                0x08003439   Thumb Code   220  stm32f1xx_hal_tim.o(i.HAL_TIM_ConfigClockSource)
    HAL_UART_Init                            0x08003515   Thumb Code   100  stm32f1xx_hal_uart.o(i.HAL_UART_Init)
    HAL_UART_MspInit                         0x08003579   Thumb Code   100  usart.o(i.HAL_UART_MspInit)
    HAL_UART_Transmit                        0x080035e9   Thumb Code   154  stm32f1xx_hal_uart.o(i.HAL_UART_Transmit)
    HardFault_Handler                        0x08003683   Thumb Code     2  stm32f1xx_it.o(i.HardFault_Handler)
    MX_ADC1_Init                             0x08003685   Thumb Code    68  adc.o(i.MX_ADC1_Init)
    MX_DMA_Init                              0x080036d1   Thumb Code    56  dma.o(i.MX_DMA_Init)
    MX_GPIO_Init                             0x0800370d   Thumb Code   106  gpio.o(i.MX_GPIO_Init)
    MX_SPI1_Init                             0x08003781   Thumb Code    68  spi.o(i.MX_SPI1_Init)
    MX_TIM3_Init                             0x080037cd   Thumb Code    94  tim.o(i.MX_TIM3_Init)
    MX_USART1_UART_Init                      0x08003835   Thumb Code    48  usart.o(i.MX_USART1_UART_Init)
    MemManage_Handler                        0x0800386d   Thumb Code     2  stm32f1xx_it.o(i.MemManage_Handler)
    NMI_Handler                              0x0800386f   Thumb Code     2  stm32f1xx_it.o(i.NMI_Handler)
    PendSV_Handler                           0x08003871   Thumb Code     2  stm32f1xx_it.o(i.PendSV_Handler)
    SVC_Handler                              0x0800394d   Thumb Code     2  stm32f1xx_it.o(i.SVC_Handler)
    SysTick_Handler                          0x0800394f   Thumb Code     4  stm32f1xx_it.o(i.SysTick_Handler)
    SystemClock_Config                       0x08003953   Thumb Code   120  main.o(i.SystemClock_Config)
    SystemInit                               0x080039cb   Thumb Code     2  system_stm32f1xx.o(i.SystemInit)
    TIM_Base_SetConfig                       0x080039cd   Thumb Code    94  stm32f1xx_hal_tim.o(i.TIM_Base_SetConfig)
    TIM_ETR_SetConfig                        0x08003a39   Thumb Code    20  stm32f1xx_hal_tim.o(i.TIM_ETR_SetConfig)
    UsageFault_Handler                       0x08003bd5   Thumb Code     2  stm32f1xx_it.o(i.UsageFault_Handler)
    __0printf                                0x08003bd9   Thumb Code    22  printfa.o(i.__0printf)
    __1printf                                0x08003bd9   Thumb Code     0  printfa.o(i.__0printf)
    __2printf                                0x08003bd9   Thumb Code     0  printfa.o(i.__0printf)
    __c89printf                              0x08003bd9   Thumb Code     0  printfa.o(i.__0printf)
    printf                                   0x08003bd9   Thumb Code     0  printfa.o(i.__0printf)
    __0sprintf                               0x08003bf9   Thumb Code    34  printfa.o(i.__0sprintf)
    __1sprintf                               0x08003bf9   Thumb Code     0  printfa.o(i.__0sprintf)
    __2sprintf                               0x08003bf9   Thumb Code     0  printfa.o(i.__0sprintf)
    __c89sprintf                             0x08003bf9   Thumb Code     0  printfa.o(i.__0sprintf)
    sprintf                                  0x08003bf9   Thumb Code     0  printfa.o(i.__0sprintf)
    __scatterload_copy                       0x08003c41   Thumb Code    14  handlers.o(i.__scatterload_copy)
    __scatterload_null                       0x08003c4f   Thumb Code     2  handlers.o(i.__scatterload_null)
    __scatterload_zeroinit                   0x08003c51   Thumb Code    14  handlers.o(i.__scatterload_zeroinit)
    __set_errno                              0x08003c61   Thumb Code     6  errno.o(i.__set_errno)
    display3                                 0x08004529   Thumb Code   156  main.o(i.display3)
    display4                                 0x080045d5   Thumb Code    84  main.o(i.display4)
    display5                                 0x0800464d   Thumb Code    40  main.o(i.display5)
    fft_Init                                 0x0800467d   Thumb Code    28  fft.o(i.fft_Init)
    fft_calculation                          0x080046a5   Thumb Code   116  fft.o(i.fft_calculation)
    fft_get_adc_value                        0x08004729   Thumb Code   112  fft.o(i.fft_get_adc_value)
    fputc                                    0x080047b1   Thumb Code    20  main.o(i.fputc)
    main                                     0x080047c9   Thumb Code   128  main.o(i.main)
    sqrtf                                    0x08004855   Thumb Code    44  sqrtf.o(i.sqrtf)
    u8g2Init                                 0x08004881   Thumb Code    32  oled_driver.o(i.u8g2Init)
    u8g2_ClearBuffer                         0x080048ad   Thumb Code    18  u8g2_buffer.o(i.u8g2_ClearBuffer)
    u8g2_DrawBox                             0x080048bf   Thumb Code    68  u8g2_box.o(i.u8g2_DrawBox)
    u8g2_DrawGlyph                           0x08004903   Thumb Code   112  u8g2_font.o(i.u8g2_DrawGlyph)
    u8g2_DrawHVLine                          0x08004975   Thumb Code   172  u8g2_hvline.o(i.u8g2_DrawHVLine)
    u8g2_DrawLine                            0x08004a21   Thumb Code   178  u8g2_line.o(i.u8g2_DrawLine)
    u8g2_DrawPixel                           0x08004ad3   Thumb Code    46  u8g2_hvline.o(i.u8g2_DrawPixel)
    u8g2_DrawStr                             0x08004b01   Thumb Code    12  u8g2_font.o(i.u8g2_DrawStr)
    u8g2_FirstPage                           0x08004b11   Thumb Code    28  u8g2_buffer.o(i.u8g2_FirstPage)
    u8g2_IsIntersection                      0x08004b2d   Thumb Code    48  u8g2_intersection.o(i.u8g2_IsIntersection)
    u8g2_NextPage                            0x08004b5d   Thumb Code    62  u8g2_buffer.o(i.u8g2_NextPage)
    u8g2_SendBuffer                          0x08004b9b   Thumb Code    18  u8g2_buffer.o(i.u8g2_SendBuffer)
    u8g2_SetBufferCurrTileRow                0x08004bad   Thumb Code    28  u8g2_buffer.o(i.u8g2_SetBufferCurrTileRow)
    u8g2_SetFont                             0x08004bc9   Thumb Code    32  u8g2_font.o(i.u8g2_SetFont)
    u8g2_SetFontPosBaseline                  0x08004be9   Thumb Code     6  u8g2_font.o(i.u8g2_SetFontPosBaseline)
    u8g2_SetMaxClipWindow                    0x08004bf5   Thumb Code    28  u8g2_setup.o(i.u8g2_SetMaxClipWindow)
    u8g2_SetupBuffer                         0x08004c11   Thumb Code    70  u8g2_setup.o(i.u8g2_SetupBuffer)
    u8g2_Setup_ssd1306_128x64_noname_f       0x08004c59   Thumb Code    42  u8g2_d_setup.o(i.u8g2_Setup_ssd1306_128x64_noname_f)
    u8g2_UpdateRefHeight                     0x08004c91   Thumb Code    82  u8g2_font.o(i.u8g2_UpdateRefHeight)
    u8g2_add_vector_x                        0x08004ce3   Thumb Code    28  u8g2_font.o(i.u8g2_add_vector_x)
    u8g2_add_vector_y                        0x08004cff   Thumb Code    28  u8g2_font.o(i.u8g2_add_vector_y)
    u8g2_draw_hv_line_2dir                   0x08004dc5   Thumb Code    18  u8g2_hvline.o(i.u8g2_draw_hv_line_2dir)
    u8g2_draw_l90_r0                         0x08004dd7   Thumb Code    12  u8g2_setup.o(i.u8g2_draw_l90_r0)
    u8g2_font_calc_vref_font                 0x08004e59   Thumb Code     4  u8g2_font.o(i.u8g2_font_calc_vref_font)
    u8g2_font_decode_get_signed_bits         0x08004e5d   Thumb Code    20  u8g2_font.o(i.u8g2_font_decode_get_signed_bits)
    u8g2_font_decode_get_unsigned_bits       0x08004e71   Thumb Code    52  u8g2_font.o(i.u8g2_font_decode_get_unsigned_bits)
    u8g2_font_decode_glyph                   0x08004ea5   Thumb Code   276  u8g2_font.o(i.u8g2_font_decode_glyph)
    u8g2_font_decode_len                     0x08004fb9   Thumb Code   140  u8g2_font.o(i.u8g2_font_decode_len)
    u8g2_font_get_glyph_data                 0x08005045   Thumb Code   114  u8g2_font.o(i.u8g2_font_get_glyph_data)
    u8g2_is_intersection_decision_tree       0x080050ff   Thumb Code    24  u8g2_intersection.o(i.u8g2_is_intersection_decision_tree)
    u8g2_ll_hvline_vertical_top_lsb          0x08005119   Thumb Code   144  u8g2_ll_hvline.o(i.u8g2_ll_hvline_vertical_top_lsb)
    u8g2_m_16_8_f                            0x080051a9   Thumb Code     8  u8g2_d_memory.o(i.u8g2_m_16_8_f)
    u8g2_read_font_info                      0x080051b5   Thumb Code   106  u8g2_font.o(i.u8g2_read_font_info)
    u8g2_update_dimension_r0                 0x080052b3   Thumb Code     4  u8g2_setup.o(i.u8g2_update_dimension_r0)
    u8g2_update_page_win_r0                  0x080052b7   Thumb Code    34  u8g2_setup.o(i.u8g2_update_page_win_r0)
    u8x8_DrawTile                            0x080052d9   Thumb Code    30  u8x8_display.o(i.u8x8_DrawTile)
    u8x8_InitDisplay                         0x080052f7   Thumb Code    16  u8x8_display.o(i.u8x8_InitDisplay)
    u8x8_RefreshDisplay                      0x08005307   Thumb Code    16  u8x8_display.o(i.u8x8_RefreshDisplay)
    u8x8_SetPowerSave                        0x08005317   Thumb Code    16  u8x8_display.o(i.u8x8_SetPowerSave)
    u8x8_Setup                               0x08005327   Thumb Code    34  u8x8_setup.o(i.u8x8_Setup)
    u8x8_SetupDefaults                       0x08005349   Thumb Code    32  u8x8_setup.o(i.u8x8_SetupDefaults)
    u8x8_SetupMemory                         0x0800536d   Thumb Code    16  u8x8_display.o(i.u8x8_SetupMemory)
    u8x8_ascii_next                          0x0800537d   Thumb Code    14  u8x8_8x8.o(i.u8x8_ascii_next)
    u8x8_byte_4wire_hw_spi                   0x0800538d   Thumb Code   114  oled_driver.o(i.u8x8_byte_4wire_hw_spi)
    u8x8_byte_SendByte                       0x08005409   Thumb Code    14  u8x8_byte.o(i.u8x8_byte_SendByte)
    u8x8_byte_SetDC                          0x08005417   Thumb Code    16  u8x8_byte.o(i.u8x8_byte_SetDC)
    u8x8_cad_001                             0x08005427   Thumb Code    82  u8x8_cad.o(i.u8x8_cad_001)
    u8x8_cad_EndTransfer                     0x08005479   Thumb Code    16  u8x8_cad.o(i.u8x8_cad_EndTransfer)
    u8x8_cad_SendArg                         0x08005489   Thumb Code    16  u8x8_cad.o(i.u8x8_cad_SendArg)
    u8x8_cad_SendCmd                         0x08005499   Thumb Code    16  u8x8_cad.o(i.u8x8_cad_SendCmd)
    u8x8_cad_SendData                        0x080054a9   Thumb Code    16  u8x8_cad.o(i.u8x8_cad_SendData)
    u8x8_cad_SendSequence                    0x080054b9   Thumb Code   104  u8x8_cad.o(i.u8x8_cad_SendSequence)
    u8x8_cad_StartTransfer                   0x08005521   Thumb Code    16  u8x8_cad.o(i.u8x8_cad_StartTransfer)
    u8x8_d_helper_display_init               0x08005531   Thumb Code    96  u8x8_display.o(i.u8x8_d_helper_display_init)
    u8x8_d_helper_display_setup_memory       0x08005591   Thumb Code    10  u8x8_display.o(i.u8x8_d_helper_display_setup_memory)
    u8x8_d_ssd1306_128x64_noname             0x0800559d   Thumb Code    52  u8x8_d_ssd1306_128x64_noname.o(i.u8x8_d_ssd1306_128x64_noname)
    u8x8_dummy_cb                            0x080056a1   Thumb Code     4  u8x8_setup.o(i.u8x8_dummy_cb)
    u8x8_gpio_call                           0x080056a5   Thumb Code    12  u8x8_gpio.o(i.u8x8_gpio_call)
    u8x8_stm32_gpio_and_delay                0x080056b1   Thumb Code    50  oled_driver.o(i.u8x8_stm32_gpio_and_delay)
    u8x8_utf8_init                           0x080056e9   Thumb Code     8  u8x8_8x8.o(i.u8x8_utf8_init)
    AHBPrescTable                            0x08005714   Data          16  system_stm32f1xx.o(.constdata)
    APBPrescTable                            0x08005724   Data           8  system_stm32f1xx.o(.constdata)
    u8g2_font_courB08_tf                     0x0800572c   Data        2133  u8g2_fonts.o(.constdata)
    u8g2_cb_r0                               0x08005f84   Data          12  u8g2_setup.o(.constdata)
    armBitRevIndexTable256                   0x080060e8   Data         880  arm_common_tables.o(.rodata.armBitRevIndexTable256)
    arm_cfft_sR_f32_len256                   0x08006458   Data          16  arm_const_structs.o(.rodata.arm_cfft_sR_f32_len256)
    twiddleCoef_256                          0x08006468   Data        2048  arm_common_tables.o(.rodata.twiddleCoef_256)
    Region$$Table$$Base                      0x08006c68   Number         0  anon$$obj.o(Region$$Table)
    Region$$Table$$Limit                     0x08006c88   Number         0  anon$$obj.o(Region$$Table)
    prt                                      0x20000000   Data           4  main.o(.data)
    AD_Flag                                  0x20000004   Data           2  fft.o(.data)
    MAX_F_POINT                              0x20000006   Data           2  fft.o(.data)
    FFT_FS                                   0x20000008   Data           4  fft.o(.data)
    MAX_F                                    0x2000000c   Data           4  fft.o(.data)
    uwTickFreq                               0x20000010   Data           1  stm32f1xx_hal.o(.data)
    uwTickPrio                               0x20000014   Data           4  stm32f1xx_hal.o(.data)
    uwTick                                   0x20000018   Data           4  stm32f1xx_hal.o(.data)
    SystemCoreClock                          0x2000001c   Data           4  system_stm32f1xx.o(.data)
    __stdout                                 0x20000020   Data           4  stdout.o(.data)
    u8g2                                     0x20000028   Data         148  main.o(.bss)
    fall_pot                                 0x200000bc   Data         128  main.o(.bss)
    hadc1                                    0x2000013c   Data          48  adc.o(.bss)
    hdma_adc1                                0x2000016c   Data          68  adc.o(.bss)
    hspi1                                    0x200001b0   Data          88  spi.o(.bss)
    hdma_spi1_tx                             0x20000208   Data          68  spi.o(.bss)
    htim3                                    0x2000024c   Data          72  tim.o(.bss)
    huart1                                   0x20000294   Data          72  usart.o(.bss)
    fft_Struct                               0x200002dc   Data        4608  fft.o(.bss)
    MMA_ADC_Struct                           0x200014dc   Data          12  fft.o(.bss)
    __initial_sp                             0x20001ce8   Data           0  startup_stm32f103xb.o(STACK)



==============================================================================

Memory Map of the image

  Image Entry point : 0x080000ed

  Load Region LR_IROM1 (Base: 0x08000000, Size: 0x00006cb0, Max: 0x00010000, ABSOLUTE)

    Execution Region ER_IROM1 (Exec base: 0x08000000, Load base: 0x08000000, Size: 0x00006c88, Max: 0x00010000, ABSOLUTE)

    Exec Addr    Load Addr    Size         Type   Attr      Idx    E Section Name        Object

    0x08000000   0x08000000   0x000000ec   Data   RO            3    RESET               startup_stm32f103xb.o
    0x080000ec   0x080000ec   0x00000000   Code   RO         8647  * .ARM.Collect$$$$00000000  mc_w.l(entry.o)
    0x080000ec   0x080000ec   0x00000004   Code   RO         8947    .ARM.Collect$$$$00000001  mc_w.l(entry2.o)
    0x080000f0   0x080000f0   0x00000004   Code   RO         8950    .ARM.Collect$$$$00000004  mc_w.l(entry5.o)
    0x080000f4   0x080000f4   0x00000000   Code   RO         8952    .ARM.Collect$$$$00000008  mc_w.l(entry7b.o)
    0x080000f4   0x080000f4   0x00000000   Code   RO         8954    .ARM.Collect$$$$0000000A  mc_w.l(entry8b.o)
    0x080000f4   0x080000f4   0x00000008   Code   RO         8955    .ARM.Collect$$$$0000000B  mc_w.l(entry9a.o)
    0x080000fc   0x080000fc   0x00000000   Code   RO         8957    .ARM.Collect$$$$0000000D  mc_w.l(entry10a.o)
    0x080000fc   0x080000fc   0x00000000   Code   RO         8959    .ARM.Collect$$$$0000000F  mc_w.l(entry11a.o)
    0x080000fc   0x080000fc   0x00000004   Code   RO         8948    .ARM.Collect$$$$00002712  mc_w.l(entry2.o)
    0x08000100   0x08000100   0x00000024   Code   RO            4    .text               startup_stm32f103xb.o
    0x08000124   0x08000124   0x00000020   Code   RO         8650    .text               mc_w.l(llushr.o)
    0x08000144   0x08000144   0x00000024   Code   RO         8652    .text               mc_w.l(memseta.o)
    0x08000168   0x08000168   0x000000b0   Code   RO         8915    .text               mf_w.l(fadd.o)
    0x08000218   0x08000218   0x00000064   Code   RO         8917    .text               mf_w.l(fmul.o)
    0x0800027c   0x0800027c   0x0000007c   Code   RO         8919    .text               mf_w.l(fdiv.o)
    0x080002f8   0x080002f8   0x00000018   Code   RO         8921    .text               mf_w.l(fscalb.o)
    0x08000310   0x08000310   0x000000e4   Code   RO         8923    .text               mf_w.l(dmul.o)
    0x080003f4   0x080003f4   0x000000de   Code   RO         8925    .text               mf_w.l(ddiv.o)
    0x080004d2   0x080004d2   0x0000002e   Code   RO         8927    .text               mf_w.l(dscalb.o)
    0x08000500   0x08000500   0x0000000a   Code   RO         8929    .text               mf_w.l(ffltui.o)
    0x0800050a   0x0800050a   0x0000001a   Code   RO         8933    .text               mf_w.l(dfltui.o)
    0x08000524   0x08000524   0x00000028   Code   RO         8935    .text               mf_w.l(ffixui.o)
    0x0800054c   0x0800054c   0x00000026   Code   RO         8939    .text               mf_w.l(f2d.o)
    0x08000572   0x08000572   0x00000038   Code   RO         8941    .text               mf_w.l(d2f.o)
    0x080005aa   0x080005aa   0x00000002   PAD
    0x080005ac   0x080005ac   0x00000014   Code   RO         8943    .text               mf_w.l(cfcmple.o)
    0x080005c0   0x080005c0   0x0000002c   Code   RO         8962    .text               mc_w.l(uidiv.o)
    0x080005ec   0x080005ec   0x00000062   Code   RO         8964    .text               mc_w.l(uldiv.o)
    0x0800064e   0x0800064e   0x00000000   Code   RO         8973    .text               mc_w.l(iusefp.o)
    0x0800064e   0x0800064e   0x0000006e   Code   RO         8974    .text               mf_w.l(fepilogue.o)
    0x080006bc   0x080006bc   0x0000005e   Code   RO         8976    .text               mf_w.l(fsqrt.o)
    0x0800071a   0x0800071a   0x000000ba   Code   RO         8978    .text               mf_w.l(depilogue.o)
    0x080007d4   0x080007d4   0x0000014e   Code   RO         8980    .text               mf_w.l(dadd.o)
    0x08000922   0x08000922   0x00000030   Code   RO         8982    .text               mf_w.l(dfixul.o)
    0x08000952   0x08000952   0x00000002   PAD
    0x08000954   0x08000954   0x00000030   Code   RO         8984    .text               mf_w.l(cdrcmple.o)
    0x08000984   0x08000984   0x00000024   Code   RO         8986    .text               mc_w.l(init.o)
    0x080009a8   0x080009a8   0x0000001e   Code   RO         8988    .text               mc_w.l(llshl.o)
    0x080009c6   0x080009c6   0x00000024   Code   RO         8990    .text               mc_w.l(llsshr.o)
    0x080009ea   0x080009ea   0x00000002   PAD
    0x080009ec   0x080009ec   0x00000040   Code   RO         8522    .text.arm_bitreversal_32  arm_cortexM3l_math.lib(arm_bitreversal2.o)
    0x08000a2c   0x08000a2c   0x00000100   Code   RO         8452    .text.arm_cfft_f32  arm_cortexM3l_math.lib(arm_cfft_f32.o)
    0x08000b2c   0x08000b2c   0x00000282   Code   RO         8448    .text.arm_cfft_radix8by2_f32  arm_cortexM3l_math.lib(arm_cfft_f32.o)
    0x08000dae   0x08000dae   0x00000002   PAD
    0x08000db0   0x08000db0   0x0000069c   Code   RO         8450    .text.arm_cfft_radix8by4_f32  arm_cortexM3l_math.lib(arm_cfft_f32.o)
    0x0800144c   0x0800144c   0x000000e8   Code   RO         8438    .text.arm_cmplx_mag_f32  arm_cortexM3l_math.lib(arm_cmplx_mag_f32.o)
    0x08001534   0x08001534   0x00000886   Code   RO         8535    .text.arm_radix8_butterfly_f32  arm_cortexM3l_math.lib(arm_cfft_radix8_f32.o)
    0x08001dba   0x08001dba   0x00000002   PAD
    0x08001dbc   0x08001dbc   0x00000056   Code   RO          735    i.ADC_ConversionStop_Disable  stm32f1xx_hal_adc.o
    0x08001e12   0x08001e12   0x0000004e   Code   RO          736    i.ADC_DMAConvCplt   stm32f1xx_hal_adc.o
    0x08001e60   0x08001e60   0x0000001a   Code   RO          737    i.ADC_DMAError      stm32f1xx_hal_adc.o
    0x08001e7a   0x08001e7a   0x0000000a   Code   RO          738    i.ADC_DMAHalfConvCplt  stm32f1xx_hal_adc.o
    0x08001e84   0x08001e84   0x0000007c   Code   RO          739    i.ADC_Enable        stm32f1xx_hal_adc.o
    0x08001f00   0x08001f00   0x00000002   Code   RO          479    i.BusFault_Handler  stm32f1xx_it.o
    0x08001f02   0x08001f02   0x00000002   PAD
    0x08001f04   0x08001f04   0x0000000c   Code   RO          480    i.DMA1_Channel1_IRQHandler  stm32f1xx_it.o
    0x08001f10   0x08001f10   0x0000000c   Code   RO          481    i.DMA1_Channel3_IRQHandler  stm32f1xx_it.o
    0x08001f1c   0x08001f1c   0x0000002a   Code   RO         1391    i.DMA_SetConfig     stm32f1xx_hal_dma.o
    0x08001f46   0x08001f46   0x00000002   Code   RO          482    i.DebugMon_Handler  stm32f1xx_it.o
    0x08001f48   0x08001f48   0x00000004   Code   RO           13    i.Error_Handler     main.o
    0x08001f4c   0x08001f4c   0x00000058   Code   RO          591    i.GetPowerMag       fft.o
    0x08001fa4   0x08001fa4   0x000000d8   Code   RO          915    i.HAL_ADCEx_Calibration_Start  stm32f1xx_hal_adc_ex.o
    0x0800207c   0x0800207c   0x000000fc   Code   RO          741    i.HAL_ADC_ConfigChannel  stm32f1xx_hal_adc.o
    0x08002178   0x08002178   0x0000000c   Code   RO           14    i.HAL_ADC_ConvCpltCallback  main.o
    0x08002184   0x08002184   0x00000002   Code   RO          743    i.HAL_ADC_ConvHalfCpltCallback  stm32f1xx_hal_adc.o
    0x08002186   0x08002186   0x00000002   Code   RO          745    i.HAL_ADC_ErrorCallback  stm32f1xx_hal_adc.o
    0x08002188   0x08002188   0x00000006   Code   RO          748    i.HAL_ADC_GetValue  stm32f1xx_hal_adc.o
    0x0800218e   0x0800218e   0x00000002   PAD
    0x08002190   0x08002190   0x0000011c   Code   RO          750    i.HAL_ADC_Init      stm32f1xx_hal_adc.o
    0x080022ac   0x080022ac   0x00000094   Code   RO          288    i.HAL_ADC_MspInit   adc.o
    0x08002340   0x08002340   0x0000010c   Code   RO          757    i.HAL_ADC_Start_DMA  stm32f1xx_hal_adc.o
    0x0800244c   0x0800244c   0x00000154   Code   RO         1397    i.HAL_DMA_IRQHandler  stm32f1xx_hal_dma.o
    0x080025a0   0x080025a0   0x0000005c   Code   RO         1398    i.HAL_DMA_Init      stm32f1xx_hal_dma.o
    0x080025fc   0x080025fc   0x00000070   Code   RO         1402    i.HAL_DMA_Start_IT  stm32f1xx_hal_dma.o
    0x0800266c   0x0800266c   0x00000024   Code   RO         1018    i.HAL_Delay         stm32f1xx_hal.o
    0x08002690   0x08002690   0x000001e0   Code   RO         1328    i.HAL_GPIO_Init     stm32f1xx_hal_gpio.o
    0x08002870   0x08002870   0x0000000a   Code   RO         1332    i.HAL_GPIO_WritePin  stm32f1xx_hal_gpio.o
    0x0800287a   0x0800287a   0x00000002   PAD
    0x0800287c   0x0800287c   0x0000000c   Code   RO         1022    i.HAL_GetTick       stm32f1xx_hal.o
    0x08002888   0x08002888   0x00000010   Code   RO         1028    i.HAL_IncTick       stm32f1xx_hal.o
    0x08002898   0x08002898   0x00000024   Code   RO         1029    i.HAL_Init          stm32f1xx_hal.o
    0x080028bc   0x080028bc   0x00000040   Code   RO         1030    i.HAL_InitTick      stm32f1xx_hal.o
    0x080028fc   0x080028fc   0x0000003c   Code   RO          567    i.HAL_MspInit       stm32f1xx_hal_msp.o
    0x08002938   0x08002938   0x0000001a   Code   RO         1488    i.HAL_NVIC_EnableIRQ  stm32f1xx_hal_cortex.o
    0x08002952   0x08002952   0x00000002   PAD
    0x08002954   0x08002954   0x00000040   Code   RO         1494    i.HAL_NVIC_SetPriority  stm32f1xx_hal_cortex.o
    0x08002994   0x08002994   0x00000024   Code   RO         1495    i.HAL_NVIC_SetPriorityGrouping  stm32f1xx_hal_cortex.o
    0x080029b8   0x080029b8   0x000000a4   Code   RO         1289    i.HAL_RCCEx_GetPeriphCLKFreq  stm32f1xx_hal_rcc_ex.o
    0x08002a5c   0x08002a5c   0x000000ec   Code   RO         1290    i.HAL_RCCEx_PeriphCLKConfig  stm32f1xx_hal_rcc_ex.o
    0x08002b48   0x08002b48   0x0000012c   Code   RO         1186    i.HAL_RCC_ClockConfig  stm32f1xx_hal_rcc.o
    0x08002c74   0x08002c74   0x00000020   Code   RO         1193    i.HAL_RCC_GetPCLK1Freq  stm32f1xx_hal_rcc.o
    0x08002c94   0x08002c94   0x00000020   Code   RO         1194    i.HAL_RCC_GetPCLK2Freq  stm32f1xx_hal_rcc.o
    0x08002cb4   0x08002cb4   0x0000004c   Code   RO         1195    i.HAL_RCC_GetSysClockFreq  stm32f1xx_hal_rcc.o
    0x08002d00   0x08002d00   0x00000320   Code   RO         1198    i.HAL_RCC_OscConfig  stm32f1xx_hal_rcc.o
    0x08003020   0x08003020   0x000000b2   Code   RO         1999    i.HAL_SPI_Init      stm32f1xx_hal_spi.o
    0x080030d2   0x080030d2   0x00000002   PAD
    0x080030d4   0x080030d4   0x00000090   Code   RO          354    i.HAL_SPI_MspInit   spi.o
    0x08003164   0x08003164   0x0000016e   Code   RO         2007    i.HAL_SPI_Transmit  stm32f1xx_hal_spi.o
    0x080032d2   0x080032d2   0x00000028   Code   RO         1499    i.HAL_SYSTICK_Config  stm32f1xx_hal_cortex.o
    0x080032fa   0x080032fa   0x00000002   PAD
    0x080032fc   0x080032fc   0x00000068   Code   RO         3035    i.HAL_TIMEx_MasterConfigSynchronization  stm32f1xx_hal_tim_ex.o
    0x08003364   0x08003364   0x0000005a   Code   RO         2312    i.HAL_TIM_Base_Init  stm32f1xx_hal_tim.o
    0x080033be   0x080033be   0x00000002   PAD
    0x080033c0   0x080033c0   0x00000028   Code   RO          396    i.HAL_TIM_Base_MspInit  tim.o
    0x080033e8   0x080033e8   0x00000050   Code   RO         2315    i.HAL_TIM_Base_Start  stm32f1xx_hal_tim.o
    0x08003438   0x08003438   0x000000dc   Code   RO         2321    i.HAL_TIM_ConfigClockSource  stm32f1xx_hal_tim.o
    0x08003514   0x08003514   0x00000064   Code   RO         3313    i.HAL_UART_Init     stm32f1xx_hal_uart.o
    0x08003578   0x08003578   0x00000070   Code   RO          438    i.HAL_UART_MspInit  usart.o
    0x080035e8   0x080035e8   0x0000009a   Code   RO         3321    i.HAL_UART_Transmit  stm32f1xx_hal_uart.o
    0x08003682   0x08003682   0x00000002   Code   RO          483    i.HardFault_Handler  stm32f1xx_it.o
    0x08003684   0x08003684   0x0000004c   Code   RO          289    i.MX_ADC1_Init      adc.o
    0x080036d0   0x080036d0   0x0000003c   Code   RO          329    i.MX_DMA_Init       dma.o
    0x0800370c   0x0800370c   0x00000074   Code   RO          263    i.MX_GPIO_Init      gpio.o
    0x08003780   0x08003780   0x0000004c   Code   RO          355    i.MX_SPI1_Init      spi.o
    0x080037cc   0x080037cc   0x00000068   Code   RO          397    i.MX_TIM3_Init      tim.o
    0x08003834   0x08003834   0x00000038   Code   RO          439    i.MX_USART1_UART_Init  usart.o
    0x0800386c   0x0800386c   0x00000002   Code   RO          484    i.MemManage_Handler  stm32f1xx_it.o
    0x0800386e   0x0800386e   0x00000002   Code   RO          485    i.NMI_Handler       stm32f1xx_it.o
    0x08003870   0x08003870   0x00000002   Code   RO          486    i.PendSV_Handler    stm32f1xx_it.o
    0x08003872   0x08003872   0x00000020   Code   RO         2037    i.SPI_EndRxTxTransaction  stm32f1xx_hal_spi.o
    0x08003892   0x08003892   0x00000002   PAD
    0x08003894   0x08003894   0x000000b8   Code   RO         2042    i.SPI_WaitFlagStateUntilTimeout  stm32f1xx_hal_spi.o
    0x0800394c   0x0800394c   0x00000002   Code   RO          487    i.SVC_Handler       stm32f1xx_it.o
    0x0800394e   0x0800394e   0x00000004   Code   RO          488    i.SysTick_Handler   stm32f1xx_it.o
    0x08003952   0x08003952   0x00000078   Code   RO           15    i.SystemClock_Config  main.o
    0x080039ca   0x080039ca   0x00000002   Code   RO         3647    i.SystemInit        system_stm32f1xx.o
    0x080039cc   0x080039cc   0x0000006c   Code   RO         2405    i.TIM_Base_SetConfig  stm32f1xx_hal_tim.o
    0x08003a38   0x08003a38   0x00000014   Code   RO         2416    i.TIM_ETR_SetConfig  stm32f1xx_hal_tim.o
    0x08003a4c   0x08003a4c   0x00000010   Code   RO         2417    i.TIM_ITRx_SetConfig  stm32f1xx_hal_tim.o
    0x08003a5c   0x08003a5c   0x00000022   Code   RO         2423    i.TIM_TI1_ConfigInputStage  stm32f1xx_hal_tim.o
    0x08003a7e   0x08003a7e   0x00000024   Code   RO         2425    i.TIM_TI2_ConfigInputStage  stm32f1xx_hal_tim.o
    0x08003aa2   0x08003aa2   0x00000002   PAD
    0x08003aa4   0x08003aa4   0x000000b8   Code   RO         3339    i.UART_SetConfig    stm32f1xx_hal_uart.o
    0x08003b5c   0x08003b5c   0x00000078   Code   RO         3342    i.UART_WaitOnFlagUntilTimeout  stm32f1xx_hal_uart.o
    0x08003bd4   0x08003bd4   0x00000002   Code   RO          489    i.UsageFault_Handler  stm32f1xx_it.o
    0x08003bd6   0x08003bd6   0x00000002   PAD
    0x08003bd8   0x08003bd8   0x00000020   Code   RO         8887    i.__0printf         mc_w.l(printfa.o)
    0x08003bf8   0x08003bf8   0x00000028   Code   RO         8889    i.__0sprintf        mc_w.l(printfa.o)
    0x08003c20   0x08003c20   0x00000020   Code   RO         1501    i.__NVIC_SetPriority  stm32f1xx_hal_cortex.o
    0x08003c40   0x08003c40   0x0000000e   Code   RO         8994    i.__scatterload_copy  mc_w.l(handlers.o)
    0x08003c4e   0x08003c4e   0x00000002   Code   RO         8995    i.__scatterload_null  mc_w.l(handlers.o)
    0x08003c50   0x08003c50   0x0000000e   Code   RO         8996    i.__scatterload_zeroinit  mc_w.l(handlers.o)
    0x08003c5e   0x08003c5e   0x00000002   PAD
    0x08003c60   0x08003c60   0x0000000c   Code   RO         8968    i.__set_errno       mc_w.l(errno.o)
    0x08003c6c   0x08003c6c   0x00000184   Code   RO         8894    i._fp_digits        mc_w.l(printfa.o)
    0x08003df0   0x08003df0   0x000006dc   Code   RO         8895    i._printf_core      mc_w.l(printfa.o)
    0x080044cc   0x080044cc   0x00000024   Code   RO         8896    i._printf_post_padding  mc_w.l(printfa.o)
    0x080044f0   0x080044f0   0x0000002e   Code   RO         8897    i._printf_pre_padding  mc_w.l(printfa.o)
    0x0800451e   0x0800451e   0x0000000a   Code   RO         8899    i._sputc            mc_w.l(printfa.o)
    0x08004528   0x08004528   0x000000ac   Code   RO           18    i.display3          main.o
    0x080045d4   0x080045d4   0x00000078   Code   RO           19    i.display4          main.o
    0x0800464c   0x0800464c   0x00000030   Code   RO           20    i.display5          main.o
    0x0800467c   0x0800467c   0x00000028   Code   RO          593    i.fft_Init          fft.o
    0x080046a4   0x080046a4   0x00000084   Code   RO          594    i.fft_calculation   fft.o
    0x08004728   0x08004728   0x00000088   Code   RO          595    i.fft_get_adc_value  fft.o
    0x080047b0   0x080047b0   0x00000018   Code   RO           21    i.fputc             main.o
    0x080047c8   0x080047c8   0x0000008c   Code   RO           22    i.main              main.o
    0x08004854   0x08004854   0x0000002c   Code   RO         8640    i.sqrtf             m_ws.l(sqrtf.o)
    0x08004880   0x08004880   0x0000002c   Code   RO         3694    i.u8g2Init          oled_driver.o
    0x080048ac   0x080048ac   0x00000012   Code   RO         4522    i.u8g2_ClearBuffer  u8g2_buffer.o
    0x080048be   0x080048be   0x00000044   Code   RO         4492    i.u8g2_DrawBox      u8g2_box.o
    0x08004902   0x08004902   0x00000070   Code   RO         4725    i.u8g2_DrawGlyph    u8g2_font.o
    0x08004972   0x08004972   0x00000002   PAD
    0x08004974   0x08004974   0x000000ac   Code   RO         6980    i.u8g2_DrawHVLine   u8g2_hvline.o
    0x08004a20   0x08004a20   0x000000b2   Code   RO         7077    i.u8g2_DrawLine     u8g2_line.o
    0x08004ad2   0x08004ad2   0x0000002e   Code   RO         6981    i.u8g2_DrawPixel    u8g2_hvline.o
    0x08004b00   0x08004b00   0x00000010   Code   RO         4727    i.u8g2_DrawStr      u8g2_font.o
    0x08004b10   0x08004b10   0x0000001c   Code   RO         4523    i.u8g2_FirstPage    u8g2_buffer.o
    0x08004b2c   0x08004b2c   0x00000030   Code   RO         7041    i.u8g2_IsIntersection  u8g2_intersection.o
    0x08004b5c   0x08004b5c   0x0000003e   Code   RO         4524    i.u8g2_NextPage     u8g2_buffer.o
    0x08004b9a   0x08004b9a   0x00000012   Code   RO         4525    i.u8g2_SendBuffer   u8g2_buffer.o
    0x08004bac   0x08004bac   0x0000001c   Code   RO         4526    i.u8g2_SetBufferCurrTileRow  u8g2_buffer.o
    0x08004bc8   0x08004bc8   0x00000020   Code   RO         4743    i.u8g2_SetFont      u8g2_font.o
    0x08004be8   0x08004be8   0x0000000c   Code   RO         4746    i.u8g2_SetFontPosBaseline  u8g2_font.o
    0x08004bf4   0x08004bf4   0x0000001c   Code   RO         7229    i.u8g2_SetMaxClipWindow  u8g2_setup.o
    0x08004c10   0x08004c10   0x00000046   Code   RO         7230    i.u8g2_SetupBuffer  u8g2_setup.o
    0x08004c56   0x08004c56   0x00000002   PAD
    0x08004c58   0x08004c58   0x00000038   Code   RO         4711    i.u8g2_Setup_ssd1306_128x64_noname_f  u8g2_d_setup.o
    0x08004c90   0x08004c90   0x00000052   Code   RO         4753    i.u8g2_UpdateRefHeight  u8g2_font.o
    0x08004ce2   0x08004ce2   0x0000001c   Code   RO         4754    i.u8g2_add_vector_x  u8g2_font.o
    0x08004cfe   0x08004cfe   0x0000001c   Code   RO         4755    i.u8g2_add_vector_y  u8g2_font.o
    0x08004d1a   0x08004d1a   0x0000006e   Code   RO         7232    i.u8g2_apply_clip_window  u8g2_setup.o
    0x08004d88   0x08004d88   0x0000003c   Code   RO         6984    i.u8g2_clip_intersection2  u8g2_hvline.o
    0x08004dc4   0x08004dc4   0x00000012   Code   RO         6985    i.u8g2_draw_hv_line_2dir  u8g2_hvline.o
    0x08004dd6   0x08004dd6   0x0000000c   Code   RO         7234    i.u8g2_draw_l90_r0  u8g2_setup.o
    0x08004de2   0x08004de2   0x00000076   Code   RO         4756    i.u8g2_draw_string  u8g2_font.o
    0x08004e58   0x08004e58   0x00000004   Code   RO         4762    i.u8g2_font_calc_vref_font  u8g2_font.o
    0x08004e5c   0x08004e5c   0x00000014   Code   RO         4764    i.u8g2_font_decode_get_signed_bits  u8g2_font.o
    0x08004e70   0x08004e70   0x00000034   Code   RO         4765    i.u8g2_font_decode_get_unsigned_bits  u8g2_font.o
    0x08004ea4   0x08004ea4   0x00000114   Code   RO         4766    i.u8g2_font_decode_glyph  u8g2_font.o
    0x08004fb8   0x08004fb8   0x0000008c   Code   RO         4767    i.u8g2_font_decode_len  u8g2_font.o
    0x08005044   0x08005044   0x00000072   Code   RO         4768    i.u8g2_font_get_glyph_data  u8g2_font.o
    0x080050b6   0x080050b6   0x00000014   Code   RO         4769    i.u8g2_font_get_word  u8g2_font.o
    0x080050ca   0x080050ca   0x00000034   Code   RO         4770    i.u8g2_font_setup_decode  u8g2_font.o
    0x080050fe   0x080050fe   0x00000018   Code   RO         7042    i.u8g2_is_intersection_decision_tree  u8g2_intersection.o
    0x08005116   0x08005116   0x00000002   PAD
    0x08005118   0x08005118   0x00000090   Code   RO         7090    i.u8g2_ll_hvline_vertical_top_lsb  u8g2_ll_hvline.o
    0x080051a8   0x080051a8   0x0000000c   Code   RO         4698    i.u8g2_m_16_8_f     u8g2_d_memory.o
    0x080051b4   0x080051b4   0x0000006a   Code   RO         4771    i.u8g2_read_font_info  u8g2_font.o
    0x0800521e   0x0800521e   0x0000004e   Code   RO         4533    i.u8g2_send_buffer  u8g2_buffer.o
    0x0800526c   0x0800526c   0x00000046   Code   RO         7239    i.u8g2_update_dimension_common  u8g2_setup.o
    0x080052b2   0x080052b2   0x00000004   Code   RO         7240    i.u8g2_update_dimension_r0  u8g2_setup.o
    0x080052b6   0x080052b6   0x00000022   Code   RO         7244    i.u8g2_update_page_win_r0  u8g2_setup.o
    0x080052d8   0x080052d8   0x0000001e   Code   RO         8018    i.u8x8_DrawTile     u8x8_display.o
    0x080052f6   0x080052f6   0x00000010   Code   RO         8020    i.u8x8_InitDisplay  u8x8_display.o
    0x08005306   0x08005306   0x00000010   Code   RO         8022    i.u8x8_RefreshDisplay  u8x8_display.o
    0x08005316   0x08005316   0x00000010   Code   RO         8025    i.u8x8_SetPowerSave  u8x8_display.o
    0x08005326   0x08005326   0x00000022   Code   RO         8324    i.u8x8_Setup        u8x8_setup.o
    0x08005348   0x08005348   0x00000024   Code   RO         8325    i.u8x8_SetupDefaults  u8x8_setup.o
    0x0800536c   0x0800536c   0x00000010   Code   RO         8026    i.u8x8_SetupMemory  u8x8_display.o
    0x0800537c   0x0800537c   0x0000000e   Code   RO         7524    i.u8x8_ascii_next   u8x8_8x8.o
    0x0800538a   0x0800538a   0x00000002   PAD
    0x0800538c   0x0800538c   0x0000007c   Code   RO         3695    i.u8x8_byte_4wire_hw_spi  oled_driver.o
    0x08005408   0x08005408   0x0000000e   Code   RO         7651    i.u8x8_byte_SendByte  u8x8_byte.o
    0x08005416   0x08005416   0x00000010   Code   RO         7653    i.u8x8_byte_SetDC   u8x8_byte.o
    0x08005426   0x08005426   0x00000052   Code   RO         7766    i.u8x8_cad_001      u8x8_cad.o
    0x08005478   0x08005478   0x00000010   Code   RO         7770    i.u8x8_cad_EndTransfer  u8x8_cad.o
    0x08005488   0x08005488   0x00000010   Code   RO         7771    i.u8x8_cad_SendArg  u8x8_cad.o
    0x08005498   0x08005498   0x00000010   Code   RO         7772    i.u8x8_cad_SendCmd  u8x8_cad.o
    0x080054a8   0x080054a8   0x00000010   Code   RO         7773    i.u8x8_cad_SendData  u8x8_cad.o
    0x080054b8   0x080054b8   0x00000068   Code   RO         7775    i.u8x8_cad_SendSequence  u8x8_cad.o
    0x08005520   0x08005520   0x00000010   Code   RO         7776    i.u8x8_cad_StartTransfer  u8x8_cad.o
    0x08005530   0x08005530   0x00000060   Code   RO         8027    i.u8x8_d_helper_display_init  u8x8_display.o
    0x08005590   0x08005590   0x0000000a   Code   RO         8028    i.u8x8_d_helper_display_setup_memory  u8x8_display.o
    0x0800559a   0x0800559a   0x00000002   PAD
    0x0800559c   0x0800559c   0x0000003c   Code   RO         7952    i.u8x8_d_ssd1306_128x64_noname  u8x8_d_ssd1306_128x64_noname.o
    0x080055d8   0x080055d8   0x000000c8   Code   RO         7954    i.u8x8_d_ssd1306_sh1106_generic  u8x8_d_ssd1306_128x64_noname.o
    0x080056a0   0x080056a0   0x00000004   Code   RO         8327    i.u8x8_dummy_cb     u8x8_setup.o
    0x080056a4   0x080056a4   0x0000000c   Code   RO         8246    i.u8x8_gpio_call    u8x8_gpio.o
    0x080056b0   0x080056b0   0x00000038   Code   RO         3696    i.u8x8_stm32_gpio_and_delay  oled_driver.o
    0x080056e8   0x080056e8   0x00000008   Code   RO         7532    i.u8x8_utf8_init    u8x8_8x8.o
    0x080056f0   0x080056f0   0x00000012   Data   RO         1199    .constdata          stm32f1xx_hal_rcc.o
    0x08005702   0x08005702   0x00000012   Data   RO         1291    .constdata          stm32f1xx_hal_rcc_ex.o
    0x08005714   0x08005714   0x00000010   Data   RO         3648    .constdata          system_stm32f1xx.o
    0x08005724   0x08005724   0x00000008   Data   RO         3649    .constdata          system_stm32f1xx.o
    0x0800572c   0x0800572c   0x00000855   Data   RO         6232    .constdata          u8g2_fonts.o
    0x08005f81   0x08005f81   0x00000003   PAD
    0x08005f84   0x08005f84   0x0000000c   Data   RO         7248    .constdata          u8g2_setup.o
    0x08005f90   0x08005f90   0x00000158   Data   RO         7956    .constdata          u8x8_d_ssd1306_128x64_noname.o
    0x080060e8   0x080060e8   0x00000370   Data   RO         8577    .rodata.armBitRevIndexTable256  arm_cortexM3l_math.lib(arm_common_tables.o)
    0x08006458   0x08006458   0x00000010   Data   RO         8467    .rodata.arm_cfft_sR_f32_len256  arm_cortexM3l_math.lib(arm_const_structs.o)
    0x08006468   0x08006468   0x00000800   Data   RO         8550    .rodata.twiddleCoef_256  arm_cortexM3l_math.lib(arm_common_tables.o)
    0x08006c68   0x08006c68   0x00000020   Data   RO         8992    Region$$Table       anon$$obj.o


    Execution Region RW_IRAM1 (Exec base: 0x20000000, Load base: 0x08006c88, Size: 0x00001ce8, Max: 0x00005000, ABSOLUTE)

    Exec Addr    Load Addr    Size         Type   Attr      Idx    E Section Name        Object

    0x20000000   0x08006c88   0x00000004   Data   RW           24    .data               main.o
    0x20000004   0x08006c8c   0x0000000c   Data   RW          597    .data               fft.o
    0x20000010   0x08006c98   0x0000000c   Data   RW         1036    .data               stm32f1xx_hal.o
    0x2000001c   0x08006ca4   0x00000004   Data   RW         3650    .data               system_stm32f1xx.o
    0x20000020   0x08006ca8   0x00000004   Data   RW         8961    .data               mc_w.l(stdout.o)
    0x20000024   0x08006cac   0x00000004   Data   RW         8969    .data               mc_w.l(errno.o)
    0x20000028        -       0x00000114   Zero   RW           23    .bss                main.o
    0x2000013c        -       0x00000074   Zero   RW          290    .bss                adc.o
    0x200001b0        -       0x0000009c   Zero   RW          356    .bss                spi.o
    0x2000024c        -       0x00000048   Zero   RW          398    .bss                tim.o
    0x20000294        -       0x00000048   Zero   RW          440    .bss                usart.o
    0x200002dc        -       0x0000120c   Zero   RW          596    .bss                fft.o
    0x200014e8        -       0x00000400   Zero   RW         4699    .bss                u8g2_d_memory.o
    0x200018e8        -       0x00000400   Zero   RW            1    STACK               startup_stm32f103xb.o


==============================================================================

Image component sizes


      Code (inc. data)   RO Data    RW Data    ZI Data      Debug   Object Name

       224         30          0          0        116       1699   adc.o
        60          4          0          0          0        742   dma.o
       396         64          0         12       4620       3352   fft.o
       116         10          0          0          0        871   gpio.o
       640         80          0          4        276     619749   main.o
       224         28          0          0          0     161061   oled_driver.o
       220         30          0          0        156       1698   spi.o
        36          8        236          0       1024        792   startup_stm32f103xb.o
       164         28          0         12          0       5813   stm32f1xx_hal.o
      1138         56          0          0          0       8434   stm32f1xx_hal_adc.o
       216          6          0          0          0       1414   stm32f1xx_hal_adc_ex.o
       198         14          0          0          0      28875   stm32f1xx_hal_cortex.o
       586         32          0          0          0       3543   stm32f1xx_hal_dma.o
       490         34          0          0          0       2856   stm32f1xx_hal_gpio.o
        60          8          0          0          0        850   stm32f1xx_hal_msp.o
      1240         84         18          0          0       5044   stm32f1xx_hal_rcc.o
       400         28         18          0          0       2437   stm32f1xx_hal_rcc_ex.o
       760          4          0          0          0       4330   stm32f1xx_hal_spi.o
       604         28          0          0          0       6620   stm32f1xx_hal_tim.o
       104         12          0          0          0       1336   stm32f1xx_hal_tim_ex.o
       558          6          0          0          0       3924   stm32f1xx_hal_uart.o
        44         12          0          0          0       4648   stm32f1xx_it.o
         2          0         24          4          0       1083   system_stm32f1xx.o
       144         20          0          0         72       1586   tim.o
        68          0          0          0          0        679   u8g2_box.o
       232          0          0          0          0       3908   u8g2_buffer.o
        12          4          0          0       1024        772   u8g2_d_memory.o
        56         14          0          0          0        973   u8g2_d_setup.o
      1212         10          0          0          0      13084   u8g2_font.o
         0          0       2133          0          0     145282   u8g2_fonts.o
       296          0          0          0          0       2868   u8g2_hvline.o
        72          0          0          0          0       1783   u8g2_intersection.o
       178          0          0          0          0        948   u8g2_line.o
       144          0          0          0          0       1306   u8g2_ll_hvline.o
       328          0         12          0          0     146394   u8g2_setup.o
        22          0          0          0          0       1717   u8x8_8x8.o
        30          0          0          0          0       1051   u8x8_byte.o
       266          6          0          0          0       4573   u8x8_cad.o
       260         12        344          0          0       2959   u8x8_d_ssd1306_128x64_noname.o
       200          0          0          0          0       4030   u8x8_display.o
        12          0          0          0          0        549   u8x8_gpio.o
        74          4          0          0          0       1630   u8x8_setup.o
       168         20          0          0         72       1630   usart.o

    ----------------------------------------------------------------------
     12284        696       2820         32       7360    1208893   Object Totals
         0          0         32          0          0          0   (incl. Generated)
        30          0          3          0          0          0   (incl. Padding)

    ----------------------------------------------------------------------

      Code (inc. data)   RO Data    RW Data    ZI Data      Debug   Library Member Name

        64          0          0          0          0       1216   arm_bitreversal2.o
      2590          0          0          0          0       4672   arm_cfft_f32.o
      2182          0          0          0          0       3457   arm_cfft_radix8_f32.o
       232          0          0          0          0       1739   arm_cmplx_mag_f32.o
         0          0       2928          0          0       4961   arm_common_tables.o
         0          0         16          0          0       3830   arm_const_structs.o
        44          0          0          0          0         80   sqrtf.o
         0          0          0          0          0          0   entry.o
         0          0          0          0          0          0   entry10a.o
         0          0          0          0          0          0   entry11a.o
         8          4          0          0          0          0   entry2.o
         4          0          0          0          0          0   entry5.o
         0          0          0          0          0          0   entry7b.o
         0          0          0          0          0          0   entry8b.o
         8          4          0          0          0          0   entry9a.o
        12          6          0          4          0         68   errno.o
        30          0          0          0          0          0   handlers.o
        36          8          0          0          0         68   init.o
         0          0          0          0          0          0   iusefp.o
        30          0          0          0          0         68   llshl.o
        36          0          0          0          0         68   llsshr.o
        32          0          0          0          0         68   llushr.o
        36          0          0          0          0        108   memseta.o
      2308         96          0          0          0        604   printfa.o
         0          0          0          4          0          0   stdout.o
        44          0          0          0          0         80   uidiv.o
        98          0          0          0          0         92   uldiv.o
        48          0          0          0          0         68   cdrcmple.o
        20          0          0          0          0         68   cfcmple.o
        56          0          0          0          0         88   d2f.o
       334          0          0          0          0        148   dadd.o
       222          0          0          0          0        100   ddiv.o
       186          0          0          0          0        176   depilogue.o
        48          0          0          0          0         68   dfixul.o
        26          0          0          0          0         76   dfltui.o
       228          0          0          0          0         96   dmul.o
        46          0          0          0          0         80   dscalb.o
        38          0          0          0          0         68   f2d.o
       176          0          0          0          0        140   fadd.o
       124          0          0          0          0         88   fdiv.o
       110          0          0          0          0        168   fepilogue.o
        40          0          0          0          0         68   ffixui.o
        10          0          0          0          0         68   ffltui.o
       100          0          0          0          0         76   fmul.o
        24          0          0          0          0         68   fscalb.o
        94          0          0          0          0         96   fsqrt.o

    ----------------------------------------------------------------------
      9736        118       2944          8          0      22987   Library Totals
        12          0          0          0          0          0   (incl. Padding)

    ----------------------------------------------------------------------

      Code (inc. data)   RO Data    RW Data    ZI Data      Debug   Library Name

      5068          0       2944          0          0      19875   arm_cortexM3l_math.lib
        44          0          0          0          0         80   m_ws.l
      2682        118          0          8          0       1224   mc_w.l
      1930          0          0          0          0       1808   mf_w.l

    ----------------------------------------------------------------------
      9736        118       2944          8          0      22987   Library Totals

    ----------------------------------------------------------------------

==============================================================================


      Code (inc. data)   RO Data    RW Data    ZI Data      Debug   

     22020        814       5764         40       7360    1222416   Grand Totals
     22020        814       5764         40       7360    1222416   ELF Image Totals
     22020        814       5764         40          0          0   ROM Totals

==============================================================================

    Total RO  Size (Code + RO Data)                27784 (  27.13kB)
    Total RW  Size (RW Data + ZI Data)              7400 (   7.23kB)
    Total ROM Size (Code + RO Data + RW Data)      27824 (  27.17kB)

==============================================================================

